0	tests/profile/ex01-p6.valid
9418	tests/profile/ex01-p6.summary
18072	tests/profile/ex01-p6.rnz
25270	tests/profile/ex01-p6.xml.ppm
29038	tests/profile/ex01-p6.xml.bz2
30047	tests/profile/ex01-p6.xml.FIXED-HPM4-HPM5
30047	tests/profile/ex01-p6.xml.FIXED-PPM4-HPM5
30047	tests/profile/ex01-p6.xml.HUFFMAN-HPM4-HPM5
30047	tests/profile/ex01-p6.xml.HUFFMAN-PPM4-HPM5
30050	tests/profile/ex01-p6.xml.FIXED-HPM5-HPM5
30050	tests/profile/ex01-p6.xml.FIXED-PPM5-HPM5
30050	tests/profile/ex01-p6.xml.HUFFMAN-HPM5-HPM5
30050	tests/profile/ex01-p6.xml.HUFFMAN-PPM5-HPM5
30086	tests/profile/ex01-p6.xml.BYTE-BZ2-HPM5
30096	tests/profile/ex01-p6.xml.FIXED-BZ2-HPM5
30096	tests/profile/ex01-p6.xml.FIXED-LZMA-HPM5
30096	tests/profile/ex01-p6.xml.HUFFMAN-BZ2-HPM5
30096	tests/profile/ex01-p6.xml.HUFFMAN-LZMA-HPM5
30097	tests/profile/ex01-p6.xml.BYTE-GZ-HPM5
30104	tests/profile/ex01-p6.xml.FIXED-GZ-HPM5
30104	tests/profile/ex01-p6.xml.HUFFMAN-GZ-HPM5
30106	tests/profile/ex01-p6.xml.BYTE-LZMA-HPM5
30232	tests/profile/ex01-p6.xml.BYTE-HPM4-HPM5
30232	tests/profile/ex01-p6.xml.BYTE-PPM4-HPM5
30239	tests/profile/ex01-p6.xml.BYTE-HPM5-HPM5
30239	tests/profile/ex01-p6.xml.BYTE-PPM5-HPM5
30567	tests/profile/ex01-p6.xml.FIXED-HPM4-HPM4
30567	tests/profile/ex01-p6.xml.FIXED-PPM4-HPM4
30567	tests/profile/ex01-p6.xml.HUFFMAN-HPM4-HPM4
30567	tests/profile/ex01-p6.xml.HUFFMAN-PPM4-HPM4
30570	tests/profile/ex01-p6.xml.FIXED-HPM5-HPM4
30570	tests/profile/ex01-p6.xml.FIXED-PPM5-HPM4
30570	tests/profile/ex01-p6.xml.HUFFMAN-HPM5-HPM4
30570	tests/profile/ex01-p6.xml.HUFFMAN-PPM5-HPM4
30606	tests/profile/ex01-p6.xml.BYTE-BZ2-HPM4
30616	tests/profile/ex01-p6.xml.FIXED-BZ2-HPM4
30616	tests/profile/ex01-p6.xml.FIXED-LZMA-HPM4
30616	tests/profile/ex01-p6.xml.HUFFMAN-BZ2-HPM4
30616	tests/profile/ex01-p6.xml.HUFFMAN-LZMA-HPM4
30617	tests/profile/ex01-p6.xml.BYTE-GZ-HPM4
30624	tests/profile/ex01-p6.xml.FIXED-GZ-HPM4
30624	tests/profile/ex01-p6.xml.HUFFMAN-GZ-HPM4
30626	tests/profile/ex01-p6.xml.BYTE-LZMA-HPM4
30752	tests/profile/ex01-p6.xml.BYTE-HPM4-HPM4
30752	tests/profile/ex01-p6.xml.BYTE-PPM4-HPM4
30759	tests/profile/ex01-p6.xml.BYTE-HPM5-HPM4
30759	tests/profile/ex01-p6.xml.BYTE-PPM5-HPM4
30826	tests/profile/ex01-p6.xml.FIXED-HPM4-BZ2
30826	tests/profile/ex01-p6.xml.FIXED-PPM4-BZ2
30826	tests/profile/ex01-p6.xml.HUFFMAN-HPM4-BZ2
30826	tests/profile/ex01-p6.xml.HUFFMAN-PPM4-BZ2
30829	tests/profile/ex01-p6.xml.FIXED-HPM5-BZ2
30829	tests/profile/ex01-p6.xml.FIXED-PPM5-BZ2
30829	tests/profile/ex01-p6.xml.HUFFMAN-HPM5-BZ2
30829	tests/profile/ex01-p6.xml.HUFFMAN-PPM5-BZ2
30865	tests/profile/ex01-p6.xml.BYTE-BZ2-BZ2
30875	tests/profile/ex01-p6.xml.FIXED-BZ2-BZ2
30875	tests/profile/ex01-p6.xml.FIXED-LZMA-BZ2
30875	tests/profile/ex01-p6.xml.HUFFMAN-BZ2-BZ2
30875	tests/profile/ex01-p6.xml.HUFFMAN-LZMA-BZ2
30876	tests/profile/ex01-p6.xml.BYTE-GZ-BZ2
30883	tests/profile/ex01-p6.xml.FIXED-GZ-BZ2
30883	tests/profile/ex01-p6.xml.HUFFMAN-GZ-BZ2
30885	tests/profile/ex01-p6.xml.BYTE-LZMA-BZ2
30940	tests/profile/ex01-p6.xml.FIXED-HPM4-PPM5
30940	tests/profile/ex01-p6.xml.FIXED-PPM4-PPM5
30940	tests/profile/ex01-p6.xml.HUFFMAN-HPM4-PPM5
30940	tests/profile/ex01-p6.xml.HUFFMAN-PPM4-PPM5
30943	tests/profile/ex01-p6.xml.FIXED-HPM5-PPM5
30943	tests/profile/ex01-p6.xml.FIXED-PPM5-PPM5
30943	tests/profile/ex01-p6.xml.HUFFMAN-HPM5-PPM5
30943	tests/profile/ex01-p6.xml.HUFFMAN-PPM5-PPM5
30979	tests/profile/ex01-p6.xml.BYTE-BZ2-PPM5
30989	tests/profile/ex01-p6.xml.FIXED-BZ2-PPM5
30989	tests/profile/ex01-p6.xml.FIXED-LZMA-PPM5
30989	tests/profile/ex01-p6.xml.HUFFMAN-BZ2-PPM5
30989	tests/profile/ex01-p6.xml.HUFFMAN-LZMA-PPM5
30990	tests/profile/ex01-p6.xml.BYTE-GZ-PPM5
30997	tests/profile/ex01-p6.xml.FIXED-GZ-PPM5
30997	tests/profile/ex01-p6.xml.HUFFMAN-GZ-PPM5
30999	tests/profile/ex01-p6.xml.BYTE-LZMA-PPM5
31011	tests/profile/ex01-p6.xml.BYTE-HPM4-BZ2
31011	tests/profile/ex01-p6.xml.BYTE-PPM4-BZ2
31018	tests/profile/ex01-p6.xml.BYTE-HPM5-BZ2
31018	tests/profile/ex01-p6.xml.BYTE-PPM5-BZ2
31038	tests/profile/ex01-p6.xml.FIXED-NONE-HPM5
31038	tests/profile/ex01-p6.xml.HUFFMAN-NONE-HPM5
31125	tests/profile/ex01-p6.xml.BYTE-HPM4-PPM5
31125	tests/profile/ex01-p6.xml.BYTE-PPM4-PPM5
31132	tests/profile/ex01-p6.xml.BYTE-HPM5-PPM5
31132	tests/profile/ex01-p6.xml.BYTE-PPM5-PPM5
31508	tests/profile/ex01-p6.xml.FIXED-HPM4-PPM4
31508	tests/profile/ex01-p6.xml.FIXED-PPM4-PPM4
31508	tests/profile/ex01-p6.xml.HUFFMAN-HPM4-PPM4
31508	tests/profile/ex01-p6.xml.HUFFMAN-PPM4-PPM4
31511	tests/profile/ex01-p6.xml.FIXED-HPM5-PPM4
31511	tests/profile/ex01-p6.xml.FIXED-PPM5-PPM4
31511	tests/profile/ex01-p6.xml.HUFFMAN-HPM5-PPM4
31511	tests/profile/ex01-p6.xml.HUFFMAN-PPM5-PPM4
31547	tests/profile/ex01-p6.xml.BYTE-BZ2-PPM4
31557	tests/profile/ex01-p6.xml.FIXED-BZ2-PPM4
31557	tests/profile/ex01-p6.xml.FIXED-LZMA-PPM4
31557	tests/profile/ex01-p6.xml.HUFFMAN-BZ2-PPM4
31557	tests/profile/ex01-p6.xml.HUFFMAN-LZMA-PPM4
31558	tests/profile/ex01-p6.xml.BYTE-GZ-PPM4
31558	tests/profile/ex01-p6.xml.FIXED-NONE-HPM4
31558	tests/profile/ex01-p6.xml.HUFFMAN-NONE-HPM4
31565	tests/profile/ex01-p6.xml.FIXED-GZ-PPM4
31565	tests/profile/ex01-p6.xml.HUFFMAN-GZ-PPM4
31567	tests/profile/ex01-p6.xml.BYTE-LZMA-PPM4
31693	tests/profile/ex01-p6.xml.BYTE-HPM4-PPM4
31693	tests/profile/ex01-p6.xml.BYTE-PPM4-PPM4
31700	tests/profile/ex01-p6.xml.BYTE-HPM5-PPM4
31700	tests/profile/ex01-p6.xml.BYTE-PPM5-PPM4
31817	tests/profile/ex01-p6.xml.FIXED-NONE-BZ2
31817	tests/profile/ex01-p6.xml.HUFFMAN-NONE-BZ2
31931	tests/profile/ex01-p6.xml.FIXED-NONE-PPM5
31931	tests/profile/ex01-p6.xml.HUFFMAN-NONE-PPM5
32499	tests/profile/ex01-p6.xml.FIXED-NONE-PPM4
32499	tests/profile/ex01-p6.xml.HUFFMAN-NONE-PPM4
34470	tests/profile/ex01-p6.xml.FIXED-HPM4-LZMA
34470	tests/profile/ex01-p6.xml.FIXED-PPM4-LZMA
34470	tests/profile/ex01-p6.xml.HUFFMAN-HPM4-LZMA
34470	tests/profile/ex01-p6.xml.HUFFMAN-PPM4-LZMA
34473	tests/profile/ex01-p6.xml.FIXED-HPM5-LZMA
34473	tests/profile/ex01-p6.xml.FIXED-PPM5-LZMA
34473	tests/profile/ex01-p6.xml.HUFFMAN-HPM5-LZMA
34473	tests/profile/ex01-p6.xml.HUFFMAN-PPM5-LZMA
34509	tests/profile/ex01-p6.xml.BYTE-BZ2-LZMA
34519	tests/profile/ex01-p6.xml.FIXED-BZ2-LZMA
34519	tests/profile/ex01-p6.xml.FIXED-LZMA-LZMA
34519	tests/profile/ex01-p6.xml.HUFFMAN-BZ2-LZMA
34519	tests/profile/ex01-p6.xml.HUFFMAN-LZMA-LZMA
34520	tests/profile/ex01-p6.xml.BYTE-GZ-LZMA
34527	tests/profile/ex01-p6.xml.FIXED-GZ-LZMA
34527	tests/profile/ex01-p6.xml.HUFFMAN-GZ-LZMA
34529	tests/profile/ex01-p6.xml.BYTE-LZMA-LZMA
34655	tests/profile/ex01-p6.xml.BYTE-HPM4-LZMA
34655	tests/profile/ex01-p6.xml.BYTE-PPM4-LZMA
34662	tests/profile/ex01-p6.xml.BYTE-HPM5-LZMA
34662	tests/profile/ex01-p6.xml.BYTE-PPM5-LZMA
35462	tests/profile/ex01-p6.xml.FIXED-NONE-LZMA
35462	tests/profile/ex01-p6.xml.HUFFMAN-NONE-LZMA
38964	tests/profile/ex01-p6.xml.BYTE-NONE-HPM5
39484	tests/profile/ex01-p6.xml.BYTE-NONE-HPM4
39741	tests/profile/ex01-p6.xml.BYTE-NONE-BZ2
39857	tests/profile/ex01-p6.xml.BYTE-NONE-PPM5
40129	tests/profile/ex01-p6.xml.FIXED-HPM4-GZ
40129	tests/profile/ex01-p6.xml.FIXED-PPM4-GZ
40129	tests/profile/ex01-p6.xml.HUFFMAN-HPM4-GZ
40129	tests/profile/ex01-p6.xml.HUFFMAN-PPM4-GZ
40132	tests/profile/ex01-p6.xml.FIXED-HPM5-GZ
40132	tests/profile/ex01-p6.xml.FIXED-PPM5-GZ
40132	tests/profile/ex01-p6.xml.HUFFMAN-HPM5-GZ
40132	tests/profile/ex01-p6.xml.HUFFMAN-PPM5-GZ
40168	tests/profile/ex01-p6.xml.BYTE-BZ2-GZ
40178	tests/profile/ex01-p6.xml.FIXED-BZ2-GZ
40178	tests/profile/ex01-p6.xml.FIXED-LZMA-GZ
40178	tests/profile/ex01-p6.xml.HUFFMAN-BZ2-GZ
40178	tests/profile/ex01-p6.xml.HUFFMAN-LZMA-GZ
40179	tests/profile/ex01-p6.xml.BYTE-GZ-GZ
40186	tests/profile/ex01-p6.xml.FIXED-GZ-GZ
40186	tests/profile/ex01-p6.xml.HUFFMAN-GZ-GZ
40188	tests/profile/ex01-p6.xml.BYTE-LZMA-GZ
40314	tests/profile/ex01-p6.xml.BYTE-HPM4-GZ
40314	tests/profile/ex01-p6.xml.BYTE-PPM4-GZ
40321	tests/profile/ex01-p6.xml.BYTE-HPM5-GZ
40321	tests/profile/ex01-p6.xml.BYTE-PPM5-GZ
40425	tests/profile/ex01-p6.xml.BYTE-NONE-PPM4
41120	tests/profile/ex01-p6.xml.FIXED-NONE-GZ
41120	tests/profile/ex01-p6.xml.HUFFMAN-NONE-GZ
41996	tests/profile/ex01-p6.xml.gz
43383	tests/profile/ex01-p6.xml.BYTE-NONE-LZMA
49043	tests/profile/ex01-p6.xml.BYTE-NONE-GZ
125946	tests/profile/ex01-p6.xml.FIXED-HPM4-NONE
125946	tests/profile/ex01-p6.xml.FIXED-PPM4-NONE
125946	tests/profile/ex01-p6.xml.HUFFMAN-HPM4-NONE
125946	tests/profile/ex01-p6.xml.HUFFMAN-PPM4-NONE
125949	tests/profile/ex01-p6.xml.FIXED-HPM5-NONE
125949	tests/profile/ex01-p6.xml.FIXED-PPM5-NONE
125949	tests/profile/ex01-p6.xml.HUFFMAN-HPM5-NONE
125949	tests/profile/ex01-p6.xml.HUFFMAN-PPM5-NONE
125987	tests/profile/ex01-p6.xml.BYTE-BZ2-NONE
125997	tests/profile/ex01-p6.xml.FIXED-BZ2-NONE
125997	tests/profile/ex01-p6.xml.FIXED-LZMA-NONE
125997	tests/profile/ex01-p6.xml.HUFFMAN-BZ2-NONE
125997	tests/profile/ex01-p6.xml.HUFFMAN-LZMA-NONE
125998	tests/profile/ex01-p6.xml.BYTE-GZ-NONE
126005	tests/profile/ex01-p6.xml.FIXED-GZ-NONE
126005	tests/profile/ex01-p6.xml.HUFFMAN-GZ-NONE
126007	tests/profile/ex01-p6.xml.BYTE-LZMA-NONE
126131	tests/profile/ex01-p6.xml.BYTE-HPM4-NONE
126131	tests/profile/ex01-p6.xml.BYTE-PPM4-NONE
126138	tests/profile/ex01-p6.xml.BYTE-HPM5-NONE
126138	tests/profile/ex01-p6.xml.BYTE-PPM5-NONE
126943	tests/profile/ex01-p6.xml.FIXED-NONE-NONE
126943	tests/profile/ex01-p6.xml.HUFFMAN-NONE-NONE
134869	tests/profile/ex01-p6.xml.BYTE-NONE-NONE
228617	tests/profile/ex01-p6.xml.nb
229103	tests/profile/ex01-p6.xml
