0	tests/profile/ex01-p6.summary
0	tests/profile/ex01-p6.valid
8496	tests/profile/ex01-p6.rnz
25270	tests/profile/ex01-p6.xml.ppm
29038	tests/profile/ex01-p6.xml.bz2
30055	tests/profile/ex01-p6.xml.FIXED-PPM5-HPM5
30055	tests/profile/ex01-p6.xml.HUFFMAN-PPM5-HPM5
30091	tests/profile/ex01-p6.xml.BYTE-BZ2-HPM5
30096	tests/profile/ex01-p6.xml.FIXED-LZMA-HPM5
30096	tests/profile/ex01-p6.xml.HUFFMAN-LZMA-HPM5
30101	tests/profile/ex01-p6.xml.FIXED-BZ2-HPM5
30101	tests/profile/ex01-p6.xml.HUFFMAN-BZ2-HPM5
30102	tests/profile/ex01-p6.xml.BYTE-GZ-HPM5
30106	tests/profile/ex01-p6.xml.BYTE-LZMA-HPM5
30109	tests/profile/ex01-p6.xml.FIXED-GZ-HPM5
30109	tests/profile/ex01-p6.xml.HUFFMAN-GZ-HPM5
30244	tests/profile/ex01-p6.xml.BYTE-PPM5-HPM5
30843	tests/profile/ex01-p6.xml.FIXED-PPM5-BZ2
30843	tests/profile/ex01-p6.xml.HUFFMAN-PPM5-BZ2
30879	tests/profile/ex01-p6.xml.BYTE-BZ2-BZ2
30884	tests/profile/ex01-p6.xml.FIXED-LZMA-BZ2
30884	tests/profile/ex01-p6.xml.HUFFMAN-LZMA-BZ2
30889	tests/profile/ex01-p6.xml.FIXED-BZ2-BZ2
30889	tests/profile/ex01-p6.xml.HUFFMAN-BZ2-BZ2
30890	tests/profile/ex01-p6.xml.BYTE-GZ-BZ2
30894	tests/profile/ex01-p6.xml.BYTE-LZMA-BZ2
30897	tests/profile/ex01-p6.xml.FIXED-GZ-BZ2
30897	tests/profile/ex01-p6.xml.HUFFMAN-GZ-BZ2
30952	tests/profile/ex01-p6.xml.FIXED-PPM5-PPM5
30952	tests/profile/ex01-p6.xml.HUFFMAN-PPM5-PPM5
30988	tests/profile/ex01-p6.xml.BYTE-BZ2-PPM5
30993	tests/profile/ex01-p6.xml.FIXED-LZMA-PPM5
30993	tests/profile/ex01-p6.xml.HUFFMAN-LZMA-PPM5
30998	tests/profile/ex01-p6.xml.FIXED-BZ2-PPM5
30998	tests/profile/ex01-p6.xml.HUFFMAN-BZ2-PPM5
30999	tests/profile/ex01-p6.xml.BYTE-GZ-PPM5
31003	tests/profile/ex01-p6.xml.BYTE-LZMA-PPM5
31006	tests/profile/ex01-p6.xml.FIXED-GZ-PPM5
31006	tests/profile/ex01-p6.xml.HUFFMAN-GZ-PPM5
31032	tests/profile/ex01-p6.xml.BYTE-PPM5-BZ2
31043	tests/profile/ex01-p6.xml.FIXED-NONE-HPM5
31043	tests/profile/ex01-p6.xml.HUFFMAN-NONE-HPM5
31141	tests/profile/ex01-p6.xml.BYTE-PPM5-PPM5
31831	tests/profile/ex01-p6.xml.FIXED-NONE-BZ2
31831	tests/profile/ex01-p6.xml.HUFFMAN-NONE-BZ2
31940	tests/profile/ex01-p6.xml.FIXED-NONE-PPM5
31940	tests/profile/ex01-p6.xml.HUFFMAN-NONE-PPM5
34486	tests/profile/ex01-p6.xml.FIXED-PPM5-LZMA
34486	tests/profile/ex01-p6.xml.HUFFMAN-PPM5-LZMA
34522	tests/profile/ex01-p6.xml.BYTE-BZ2-LZMA
34527	tests/profile/ex01-p6.xml.FIXED-LZMA-LZMA
34527	tests/profile/ex01-p6.xml.HUFFMAN-LZMA-LZMA
34532	tests/profile/ex01-p6.xml.FIXED-BZ2-LZMA
34532	tests/profile/ex01-p6.xml.HUFFMAN-BZ2-LZMA
34533	tests/profile/ex01-p6.xml.BYTE-GZ-LZMA
34537	tests/profile/ex01-p6.xml.BYTE-LZMA-LZMA
34540	tests/profile/ex01-p6.xml.FIXED-GZ-LZMA
34540	tests/profile/ex01-p6.xml.HUFFMAN-GZ-LZMA
34675	tests/profile/ex01-p6.xml.BYTE-PPM5-LZMA
35475	tests/profile/ex01-p6.xml.FIXED-NONE-LZMA
35475	tests/profile/ex01-p6.xml.HUFFMAN-NONE-LZMA
38969	tests/profile/ex01-p6.xml.BYTE-NONE-HPM5
39755	tests/profile/ex01-p6.xml.BYTE-NONE-BZ2
39866	tests/profile/ex01-p6.xml.BYTE-NONE-PPM5
40133	tests/profile/ex01-p6.xml.FIXED-PPM5-GZ
40133	tests/profile/ex01-p6.xml.HUFFMAN-PPM5-GZ
40169	tests/profile/ex01-p6.xml.BYTE-BZ2-GZ
40174	tests/profile/ex01-p6.xml.FIXED-LZMA-GZ
40174	tests/profile/ex01-p6.xml.HUFFMAN-LZMA-GZ
40179	tests/profile/ex01-p6.xml.FIXED-BZ2-GZ
40179	tests/profile/ex01-p6.xml.HUFFMAN-BZ2-GZ
40180	tests/profile/ex01-p6.xml.BYTE-GZ-GZ
40184	tests/profile/ex01-p6.xml.BYTE-LZMA-GZ
40187	tests/profile/ex01-p6.xml.FIXED-GZ-GZ
40187	tests/profile/ex01-p6.xml.HUFFMAN-GZ-GZ
40322	tests/profile/ex01-p6.xml.BYTE-PPM5-GZ
41121	tests/profile/ex01-p6.xml.FIXED-NONE-GZ
41121	tests/profile/ex01-p6.xml.HUFFMAN-NONE-GZ
41996	tests/profile/ex01-p6.xml.gz
43396	tests/profile/ex01-p6.xml.BYTE-NONE-LZMA
49044	tests/profile/ex01-p6.xml.BYTE-NONE-GZ
125950	tests/profile/ex01-p6.xml.FIXED-PPM5-NONE
125950	tests/profile/ex01-p6.xml.HUFFMAN-PPM5-NONE
125988	tests/profile/ex01-p6.xml.BYTE-BZ2-NONE
125991	tests/profile/ex01-p6.xml.FIXED-LZMA-NONE
125991	tests/profile/ex01-p6.xml.HUFFMAN-LZMA-NONE
125998	tests/profile/ex01-p6.xml.FIXED-BZ2-NONE
125998	tests/profile/ex01-p6.xml.HUFFMAN-BZ2-NONE
125999	tests/profile/ex01-p6.xml.BYTE-GZ-NONE
126001	tests/profile/ex01-p6.xml.BYTE-LZMA-NONE
126006	tests/profile/ex01-p6.xml.FIXED-GZ-NONE
126006	tests/profile/ex01-p6.xml.HUFFMAN-GZ-NONE
126139	tests/profile/ex01-p6.xml.BYTE-PPM5-NONE
126944	tests/profile/ex01-p6.xml.FIXED-NONE-NONE
126944	tests/profile/ex01-p6.xml.HUFFMAN-NONE-NONE
134870	tests/profile/ex01-p6.xml.BYTE-NONE-NONE
228617	tests/profile/ex01-p6.xml.nb
229103	tests/profile/ex01-p6.xml
