0	tests/profile/ex01-p6.summary
0	tests/profile/ex01-p6.valid
18073	tests/profile/ex01-p6.rnz
25270	tests/profile/ex01-p6.xppm
29038	tests/profile/ex01-p6.bz2
30052	tests/profile/ex01-p6.xml.FIXED-HPM4-HPM5
30052	tests/profile/ex01-p6.xml.FIXED-PPM4-HPM5
30052	tests/profile/ex01-p6.xml.HUFFMAN-HPM4-HPM5
30052	tests/profile/ex01-p6.xml.HUFFMAN-PPM4-HPM5
30055	tests/profile/ex01-p6.xml.FIXED-HPM5-HPM5
30055	tests/profile/ex01-p6.xml.FIXED-PPM5-HPM5
30055	tests/profile/ex01-p6.xml.HUFFMAN-HPM5-HPM5
30055	tests/profile/ex01-p6.xml.HUFFMAN-PPM5-HPM5
30091	tests/profile/ex01-p6.xml.BYTE-BZ2-HPM5
30101	tests/profile/ex01-p6.xml.FIXED-BZ2-HPM5
30101	tests/profile/ex01-p6.xml.FIXED-LZMA-HPM5
30101	tests/profile/ex01-p6.xml.HUFFMAN-BZ2-HPM5
30101	tests/profile/ex01-p6.xml.HUFFMAN-LZMA-HPM5
30102	tests/profile/ex01-p6.xml.BYTE-GZ-HPM5
30109	tests/profile/ex01-p6.xml.FIXED-GZ-HPM5
30109	tests/profile/ex01-p6.xml.HUFFMAN-GZ-HPM5
30111	tests/profile/ex01-p6.xml.BYTE-LZMA-HPM5
30237	tests/profile/ex01-p6.xml.BYTE-HPM4-HPM5
30237	tests/profile/ex01-p6.xml.BYTE-PPM4-HPM5
30244	tests/profile/ex01-p6.xml.BYTE-HPM5-HPM5
30244	tests/profile/ex01-p6.xml.BYTE-PPM5-HPM5
30580	tests/profile/ex01-p6.xml.FIXED-HPM4-HPM4
30580	tests/profile/ex01-p6.xml.FIXED-PPM4-HPM4
30580	tests/profile/ex01-p6.xml.HUFFMAN-HPM4-HPM4
30580	tests/profile/ex01-p6.xml.HUFFMAN-PPM4-HPM4
30583	tests/profile/ex01-p6.xml.FIXED-HPM5-HPM4
30583	tests/profile/ex01-p6.xml.FIXED-PPM5-HPM4
30583	tests/profile/ex01-p6.xml.HUFFMAN-HPM5-HPM4
30583	tests/profile/ex01-p6.xml.HUFFMAN-PPM5-HPM4
30619	tests/profile/ex01-p6.xml.BYTE-BZ2-HPM4
30629	tests/profile/ex01-p6.xml.FIXED-BZ2-HPM4
30629	tests/profile/ex01-p6.xml.FIXED-LZMA-HPM4
30629	tests/profile/ex01-p6.xml.HUFFMAN-BZ2-HPM4
30629	tests/profile/ex01-p6.xml.HUFFMAN-LZMA-HPM4
30630	tests/profile/ex01-p6.xml.BYTE-GZ-HPM4
30637	tests/profile/ex01-p6.xml.FIXED-GZ-HPM4
30637	tests/profile/ex01-p6.xml.HUFFMAN-GZ-HPM4
30639	tests/profile/ex01-p6.xml.BYTE-LZMA-HPM4
30765	tests/profile/ex01-p6.xml.BYTE-HPM4-HPM4
30765	tests/profile/ex01-p6.xml.BYTE-PPM4-HPM4
30772	tests/profile/ex01-p6.xml.BYTE-HPM5-HPM4
30772	tests/profile/ex01-p6.xml.BYTE-PPM5-HPM4
30840	tests/profile/ex01-p6.xml.FIXED-HPM4-BZ2
30840	tests/profile/ex01-p6.xml.FIXED-PPM4-BZ2
30840	tests/profile/ex01-p6.xml.HUFFMAN-HPM4-BZ2
30840	tests/profile/ex01-p6.xml.HUFFMAN-PPM4-BZ2
30843	tests/profile/ex01-p6.xml.FIXED-HPM5-BZ2
30843	tests/profile/ex01-p6.xml.FIXED-PPM5-BZ2
30843	tests/profile/ex01-p6.xml.HUFFMAN-HPM5-BZ2
30843	tests/profile/ex01-p6.xml.HUFFMAN-PPM5-BZ2
30879	tests/profile/ex01-p6.xml.BYTE-BZ2-BZ2
30889	tests/profile/ex01-p6.xml.FIXED-BZ2-BZ2
30889	tests/profile/ex01-p6.xml.FIXED-LZMA-BZ2
30889	tests/profile/ex01-p6.xml.HUFFMAN-BZ2-BZ2
30889	tests/profile/ex01-p6.xml.HUFFMAN-LZMA-BZ2
30890	tests/profile/ex01-p6.xml.BYTE-GZ-BZ2
30897	tests/profile/ex01-p6.xml.FIXED-GZ-BZ2
30897	tests/profile/ex01-p6.xml.HUFFMAN-GZ-BZ2
30899	tests/profile/ex01-p6.xml.BYTE-LZMA-BZ2
30949	tests/profile/ex01-p6.xml.FIXED-HPM4-PPM5
30949	tests/profile/ex01-p6.xml.FIXED-PPM4-PPM5
30949	tests/profile/ex01-p6.xml.HUFFMAN-HPM4-PPM5
30949	tests/profile/ex01-p6.xml.HUFFMAN-PPM4-PPM5
30952	tests/profile/ex01-p6.xml.FIXED-HPM5-PPM5
30952	tests/profile/ex01-p6.xml.FIXED-PPM5-PPM5
30952	tests/profile/ex01-p6.xml.HUFFMAN-HPM5-PPM5
30952	tests/profile/ex01-p6.xml.HUFFMAN-PPM5-PPM5
30988	tests/profile/ex01-p6.xml.BYTE-BZ2-PPM5
30998	tests/profile/ex01-p6.xml.FIXED-BZ2-PPM5
30998	tests/profile/ex01-p6.xml.FIXED-LZMA-PPM5
30998	tests/profile/ex01-p6.xml.HUFFMAN-BZ2-PPM5
30998	tests/profile/ex01-p6.xml.HUFFMAN-LZMA-PPM5
30999	tests/profile/ex01-p6.xml.BYTE-GZ-PPM5
31006	tests/profile/ex01-p6.xml.FIXED-GZ-PPM5
31006	tests/profile/ex01-p6.xml.HUFFMAN-GZ-PPM5
31008	tests/profile/ex01-p6.xml.BYTE-LZMA-PPM5
31025	tests/profile/ex01-p6.xml.BYTE-HPM4-BZ2
31025	tests/profile/ex01-p6.xml.BYTE-PPM4-BZ2
31032	tests/profile/ex01-p6.xml.BYTE-HPM5-BZ2
31032	tests/profile/ex01-p6.xml.BYTE-PPM5-BZ2
31043	tests/profile/ex01-p6.xml.FIXED-NONE-HPM5
31043	tests/profile/ex01-p6.xml.HUFFMAN-NONE-HPM5
31134	tests/profile/ex01-p6.xml.BYTE-HPM4-PPM5
31134	tests/profile/ex01-p6.xml.BYTE-PPM4-PPM5
31141	tests/profile/ex01-p6.xml.BYTE-HPM5-PPM5
31141	tests/profile/ex01-p6.xml.BYTE-PPM5-PPM5
31505	tests/profile/ex01-p6.xml.FIXED-HPM4-PPM4
31505	tests/profile/ex01-p6.xml.FIXED-PPM4-PPM4
31505	tests/profile/ex01-p6.xml.HUFFMAN-HPM4-PPM4
31505	tests/profile/ex01-p6.xml.HUFFMAN-PPM4-PPM4
31508	tests/profile/ex01-p6.xml.FIXED-HPM5-PPM4
31508	tests/profile/ex01-p6.xml.FIXED-PPM5-PPM4
31508	tests/profile/ex01-p6.xml.HUFFMAN-HPM5-PPM4
31508	tests/profile/ex01-p6.xml.HUFFMAN-PPM5-PPM4
31544	tests/profile/ex01-p6.xml.BYTE-BZ2-PPM4
31554	tests/profile/ex01-p6.xml.FIXED-BZ2-PPM4
31554	tests/profile/ex01-p6.xml.FIXED-LZMA-PPM4
31554	tests/profile/ex01-p6.xml.HUFFMAN-BZ2-PPM4
31554	tests/profile/ex01-p6.xml.HUFFMAN-LZMA-PPM4
31555	tests/profile/ex01-p6.xml.BYTE-GZ-PPM4
31562	tests/profile/ex01-p6.xml.FIXED-GZ-PPM4
31562	tests/profile/ex01-p6.xml.HUFFMAN-GZ-PPM4
31564	tests/profile/ex01-p6.xml.BYTE-LZMA-PPM4
31571	tests/profile/ex01-p6.xml.FIXED-NONE-HPM4
31571	tests/profile/ex01-p6.xml.HUFFMAN-NONE-HPM4
31690	tests/profile/ex01-p6.xml.BYTE-HPM4-PPM4
31690	tests/profile/ex01-p6.xml.BYTE-PPM4-PPM4
31697	tests/profile/ex01-p6.xml.BYTE-HPM5-PPM4
31697	tests/profile/ex01-p6.xml.BYTE-PPM5-PPM4
31831	tests/profile/ex01-p6.xml.FIXED-NONE-BZ2
31831	tests/profile/ex01-p6.xml.HUFFMAN-NONE-BZ2
31940	tests/profile/ex01-p6.xml.FIXED-NONE-PPM5
31940	tests/profile/ex01-p6.xml.HUFFMAN-NONE-PPM5
32496	tests/profile/ex01-p6.xml.FIXED-NONE-PPM4
32496	tests/profile/ex01-p6.xml.HUFFMAN-NONE-PPM4
34488	tests/profile/ex01-p6.xml.FIXED-HPM4-LZMA
34488	tests/profile/ex01-p6.xml.FIXED-PPM4-LZMA
34488	tests/profile/ex01-p6.xml.HUFFMAN-HPM4-LZMA
34488	tests/profile/ex01-p6.xml.HUFFMAN-PPM4-LZMA
34491	tests/profile/ex01-p6.xml.FIXED-HPM5-LZMA
34491	tests/profile/ex01-p6.xml.FIXED-PPM5-LZMA
34491	tests/profile/ex01-p6.xml.HUFFMAN-HPM5-LZMA
34491	tests/profile/ex01-p6.xml.HUFFMAN-PPM5-LZMA
34527	tests/profile/ex01-p6.xml.BYTE-BZ2-LZMA
34537	tests/profile/ex01-p6.xml.FIXED-BZ2-LZMA
34537	tests/profile/ex01-p6.xml.FIXED-LZMA-LZMA
34537	tests/profile/ex01-p6.xml.HUFFMAN-BZ2-LZMA
34537	tests/profile/ex01-p6.xml.HUFFMAN-LZMA-LZMA
34538	tests/profile/ex01-p6.xml.BYTE-GZ-LZMA
34545	tests/profile/ex01-p6.xml.FIXED-GZ-LZMA
34545	tests/profile/ex01-p6.xml.HUFFMAN-GZ-LZMA
34547	tests/profile/ex01-p6.xml.BYTE-LZMA-LZMA
34673	tests/profile/ex01-p6.xml.BYTE-HPM4-LZMA
34673	tests/profile/ex01-p6.xml.BYTE-PPM4-LZMA
34680	tests/profile/ex01-p6.xml.BYTE-HPM5-LZMA
34680	tests/profile/ex01-p6.xml.BYTE-PPM5-LZMA
35480	tests/profile/ex01-p6.xml.FIXED-NONE-LZMA
35480	tests/profile/ex01-p6.xml.HUFFMAN-NONE-LZMA
38969	tests/profile/ex01-p6.xml.BYTE-NONE-HPM5
39497	tests/profile/ex01-p6.xml.BYTE-NONE-HPM4
39755	tests/profile/ex01-p6.xml.BYTE-NONE-BZ2
39866	tests/profile/ex01-p6.xml.BYTE-NONE-PPM5
40130	tests/profile/ex01-p6.xml.FIXED-HPM4-GZ
40130	tests/profile/ex01-p6.xml.FIXED-PPM4-GZ
40130	tests/profile/ex01-p6.xml.HUFFMAN-HPM4-GZ
40130	tests/profile/ex01-p6.xml.HUFFMAN-PPM4-GZ
40133	tests/profile/ex01-p6.xml.FIXED-HPM5-GZ
40133	tests/profile/ex01-p6.xml.FIXED-PPM5-GZ
40133	tests/profile/ex01-p6.xml.HUFFMAN-HPM5-GZ
40133	tests/profile/ex01-p6.xml.HUFFMAN-PPM5-GZ
40169	tests/profile/ex01-p6.xml.BYTE-BZ2-GZ
40179	tests/profile/ex01-p6.xml.FIXED-BZ2-GZ
40179	tests/profile/ex01-p6.xml.FIXED-LZMA-GZ
40179	tests/profile/ex01-p6.xml.HUFFMAN-BZ2-GZ
40179	tests/profile/ex01-p6.xml.HUFFMAN-LZMA-GZ
40180	tests/profile/ex01-p6.xml.BYTE-GZ-GZ
40187	tests/profile/ex01-p6.xml.FIXED-GZ-GZ
40187	tests/profile/ex01-p6.xml.HUFFMAN-GZ-GZ
40189	tests/profile/ex01-p6.xml.BYTE-LZMA-GZ
40315	tests/profile/ex01-p6.xml.BYTE-HPM4-GZ
40315	tests/profile/ex01-p6.xml.BYTE-PPM4-GZ
40322	tests/profile/ex01-p6.xml.BYTE-HPM5-GZ
40322	tests/profile/ex01-p6.xml.BYTE-PPM5-GZ
40422	tests/profile/ex01-p6.xml.BYTE-NONE-PPM4
41121	tests/profile/ex01-p6.xml.FIXED-NONE-GZ
41121	tests/profile/ex01-p6.xml.HUFFMAN-NONE-GZ
41995	tests/profile/ex01-p6.gz
43401	tests/profile/ex01-p6.xml.BYTE-NONE-LZMA
49044	tests/profile/ex01-p6.xml.BYTE-NONE-GZ
125947	tests/profile/ex01-p6.xml.FIXED-HPM4-NONE
125947	tests/profile/ex01-p6.xml.FIXED-PPM4-NONE
125947	tests/profile/ex01-p6.xml.HUFFMAN-HPM4-NONE
125947	tests/profile/ex01-p6.xml.HUFFMAN-PPM4-NONE
125950	tests/profile/ex01-p6.xml.FIXED-HPM5-NONE
125950	tests/profile/ex01-p6.xml.FIXED-PPM5-NONE
125950	tests/profile/ex01-p6.xml.HUFFMAN-HPM5-NONE
125950	tests/profile/ex01-p6.xml.HUFFMAN-PPM5-NONE
125988	tests/profile/ex01-p6.xml.BYTE-BZ2-NONE
125998	tests/profile/ex01-p6.xml.FIXED-BZ2-NONE
125998	tests/profile/ex01-p6.xml.FIXED-LZMA-NONE
125998	tests/profile/ex01-p6.xml.HUFFMAN-BZ2-NONE
125998	tests/profile/ex01-p6.xml.HUFFMAN-LZMA-NONE
125999	tests/profile/ex01-p6.xml.BYTE-GZ-NONE
126006	tests/profile/ex01-p6.xml.FIXED-GZ-NONE
126006	tests/profile/ex01-p6.xml.HUFFMAN-GZ-NONE
126008	tests/profile/ex01-p6.xml.BYTE-LZMA-NONE
126132	tests/profile/ex01-p6.xml.BYTE-HPM4-NONE
126132	tests/profile/ex01-p6.xml.BYTE-PPM4-NONE
126139	tests/profile/ex01-p6.xml.BYTE-HPM5-NONE
126139	tests/profile/ex01-p6.xml.BYTE-PPM5-NONE
126944	tests/profile/ex01-p6.xml.FIXED-NONE-NONE
126944	tests/profile/ex01-p6.xml.HUFFMAN-NONE-NONE
134870	tests/profile/ex01-p6.xml.BYTE-NONE-NONE
228617	tests/profile/ex01-p6.nbxml
229103	tests/profile/ex01-p6.xml
