0	tests/shakespeare/ex01-hamlet.summary
0	tests/shakespeare/ex01-hamlet.valid
8	tests/shakespeare/ex01-hamlet.xml.BYTE-LZMA-LZMA
8	tests/shakespeare/ex01-hamlet.xml.HUFFMAN-BZ2-BZ2
4744	tests/shakespeare/ex01-hamlet.rnz
52386	tests/shakespeare/ex01-hamlet.xml.ppm
57600	tests/shakespeare/ex01-hamlet.xml.bz2
59730	tests/shakespeare/ex01-hamlet.xml.FIXED-PPM5-HPM5
59731	tests/shakespeare/ex01-hamlet.xml.HUFFMAN-PPM5-HPM5
59958	tests/shakespeare/ex01-hamlet.xml.FIXED-BZ2-HPM5
59959	tests/shakespeare/ex01-hamlet.xml.HUFFMAN-BZ2-HPM5
59967	tests/shakespeare/ex01-hamlet.xml.HUFFMAN-LZMA-HPM5
60016	tests/shakespeare/ex01-hamlet.xml.HUFFMAN-GZ-HPM5
60022	tests/shakespeare/ex01-hamlet.xml.FIXED-LZMA-HPM5
60067	tests/shakespeare/ex01-hamlet.xml.BYTE-GZ-HPM5
60106	tests/shakespeare/ex01-hamlet.xml.FIXED-GZ-HPM5
61581	tests/shakespeare/ex01-hamlet.xml.HUFFMAN-NONE-HPM5
61614	tests/shakespeare/ex01-hamlet.xml.FIXED-PPM5-PPM5
61615	tests/shakespeare/ex01-hamlet.xml.HUFFMAN-PPM5-PPM5
61842	tests/shakespeare/ex01-hamlet.xml.FIXED-BZ2-PPM5
61843	tests/shakespeare/ex01-hamlet.xml.HUFFMAN-BZ2-PPM5
61851	tests/shakespeare/ex01-hamlet.xml.HUFFMAN-LZMA-PPM5
61900	tests/shakespeare/ex01-hamlet.xml.HUFFMAN-GZ-PPM5
61906	tests/shakespeare/ex01-hamlet.xml.FIXED-LZMA-PPM5
61951	tests/shakespeare/ex01-hamlet.xml.BYTE-GZ-PPM5
61990	tests/shakespeare/ex01-hamlet.xml.FIXED-GZ-PPM5
62384	tests/shakespeare/ex01-hamlet.xml.FIXED-PPM5-BZ2
62385	tests/shakespeare/ex01-hamlet.xml.HUFFMAN-PPM5-BZ2
62610	tests/shakespeare/ex01-hamlet.xml.FIXED-BZ2-BZ2
62621	tests/shakespeare/ex01-hamlet.xml.HUFFMAN-LZMA-BZ2
62668	tests/shakespeare/ex01-hamlet.xml.HUFFMAN-GZ-BZ2
62676	tests/shakespeare/ex01-hamlet.xml.FIXED-LZMA-BZ2
62719	tests/shakespeare/ex01-hamlet.xml.BYTE-GZ-BZ2
62731	tests/shakespeare/ex01-hamlet.xml.FIXED-NONE-HPM5
62758	tests/shakespeare/ex01-hamlet.xml.FIXED-GZ-BZ2
63465	tests/shakespeare/ex01-hamlet.xml.HUFFMAN-NONE-PPM5
64233	tests/shakespeare/ex01-hamlet.xml.HUFFMAN-NONE-BZ2
64615	tests/shakespeare/ex01-hamlet.xml.FIXED-NONE-PPM5
65383	tests/shakespeare/ex01-hamlet.xml.FIXED-NONE-BZ2
69852	tests/shakespeare/ex01-hamlet.xml.FIXED-PPM5-LZMA
69853	tests/shakespeare/ex01-hamlet.xml.HUFFMAN-PPM5-LZMA
70078	tests/shakespeare/ex01-hamlet.xml.FIXED-BZ2-LZMA
70079	tests/shakespeare/ex01-hamlet.xml.HUFFMAN-BZ2-LZMA
70089	tests/shakespeare/ex01-hamlet.xml.HUFFMAN-LZMA-LZMA
70136	tests/shakespeare/ex01-hamlet.xml.HUFFMAN-GZ-LZMA
70144	tests/shakespeare/ex01-hamlet.xml.FIXED-LZMA-LZMA
70187	tests/shakespeare/ex01-hamlet.xml.BYTE-GZ-LZMA
70226	tests/shakespeare/ex01-hamlet.xml.FIXED-GZ-LZMA
71701	tests/shakespeare/ex01-hamlet.xml.HUFFMAN-NONE-LZMA
72851	tests/shakespeare/ex01-hamlet.xml.FIXED-NONE-LZMA
76374	tests/shakespeare/ex01-hamlet.xml.BYTE-NONE-HPM5
78258	tests/shakespeare/ex01-hamlet.xml.BYTE-NONE-PPM5
78692	tests/shakespeare/ex01-hamlet.xml.FIXED-PPM5-GZ
78693	tests/shakespeare/ex01-hamlet.xml.HUFFMAN-PPM5-GZ
78865	tests/shakespeare/ex01-hamlet.xml.gz
78920	tests/shakespeare/ex01-hamlet.xml.FIXED-BZ2-GZ
78921	tests/shakespeare/ex01-hamlet.xml.HUFFMAN-BZ2-GZ
78929	tests/shakespeare/ex01-hamlet.xml.HUFFMAN-LZMA-GZ
78978	tests/shakespeare/ex01-hamlet.xml.HUFFMAN-GZ-GZ
78984	tests/shakespeare/ex01-hamlet.xml.FIXED-LZMA-GZ
78999	tests/shakespeare/ex01-hamlet.xml.BYTE-LZMA-GZ
79025	tests/shakespeare/ex01-hamlet.xml.BYTE-NONE-BZ2
79029	tests/shakespeare/ex01-hamlet.xml.BYTE-GZ-GZ
79068	tests/shakespeare/ex01-hamlet.xml.FIXED-GZ-GZ
80543	tests/shakespeare/ex01-hamlet.xml.HUFFMAN-NONE-GZ
81693	tests/shakespeare/ex01-hamlet.xml.FIXED-NONE-GZ
86490	tests/shakespeare/ex01-hamlet.xml.BYTE-NONE-LZMA
95333	tests/shakespeare/ex01-hamlet.xml.BYTE-NONE-GZ
183000	tests/shakespeare/ex01-hamlet.xml.FIXED-PPM5-NONE
183001	tests/shakespeare/ex01-hamlet.xml.HUFFMAN-PPM5-NONE
183228	tests/shakespeare/ex01-hamlet.xml.FIXED-BZ2-NONE
183229	tests/shakespeare/ex01-hamlet.xml.HUFFMAN-BZ2-NONE
183237	tests/shakespeare/ex01-hamlet.xml.HUFFMAN-LZMA-NONE
183286	tests/shakespeare/ex01-hamlet.xml.HUFFMAN-GZ-NONE
183292	tests/shakespeare/ex01-hamlet.xml.FIXED-LZMA-NONE
183307	tests/shakespeare/ex01-hamlet.xml.BYTE-LZMA-NONE
183337	tests/shakespeare/ex01-hamlet.xml.BYTE-GZ-NONE
183376	tests/shakespeare/ex01-hamlet.xml.FIXED-GZ-NONE
184859	tests/shakespeare/ex01-hamlet.xml.HUFFMAN-NONE-NONE
186009	tests/shakespeare/ex01-hamlet.xml.FIXED-NONE-NONE
199652	tests/shakespeare/ex01-hamlet.xml.BYTE-NONE-NONE
270656	tests/shakespeare/ex01-hamlet.xml.nb
288737	tests/shakespeare/ex01-hamlet.xml
