0	tests/shakespeare/ex01-hamlet.rnz
0	tests/shakespeare/ex01-hamlet.summary
0	tests/shakespeare/ex01-hamlet.valid
52386	tests/shakespeare/ex01-hamlet.xppm
57600	tests/shakespeare/ex01-hamlet.bz2
59193	tests/shakespeare/ex01-hamlet.xml.BYTE-HPM5-HPM4
59193	tests/shakespeare/ex01-hamlet.xml.BYTE-PPM5-HPM4
59215	tests/shakespeare/ex01-hamlet.xml.BYTE-HPM4-HPM4
59215	tests/shakespeare/ex01-hamlet.xml.BYTE-PPM4-HPM4
59365	tests/shakespeare/ex01-hamlet.xml.FIXED-HPM4-HPM4
59365	tests/shakespeare/ex01-hamlet.xml.FIXED-PPM4-HPM4
59374	tests/shakespeare/ex01-hamlet.xml.HUFFMAN-HPM4-HPM4
59374	tests/shakespeare/ex01-hamlet.xml.HUFFMAN-PPM4-HPM4
59375	tests/shakespeare/ex01-hamlet.xml.BYTE-BZ2-HPM4
59387	tests/shakespeare/ex01-hamlet.xml.FIXED-HPM5-HPM4
59387	tests/shakespeare/ex01-hamlet.xml.FIXED-PPM5-HPM4
59388	tests/shakespeare/ex01-hamlet.xml.HUFFMAN-HPM5-HPM4
59388	tests/shakespeare/ex01-hamlet.xml.HUFFMAN-PPM5-HPM4
59536	tests/shakespeare/ex01-hamlet.xml.BYTE-HPM5-HPM5
59536	tests/shakespeare/ex01-hamlet.xml.BYTE-PPM5-HPM5
59558	tests/shakespeare/ex01-hamlet.xml.BYTE-HPM4-HPM5
59558	tests/shakespeare/ex01-hamlet.xml.BYTE-PPM4-HPM5
59615	tests/shakespeare/ex01-hamlet.xml.FIXED-BZ2-HPM4
59616	tests/shakespeare/ex01-hamlet.xml.HUFFMAN-BZ2-HPM4
59631	tests/shakespeare/ex01-hamlet.xml.HUFFMAN-LZMA-HPM4
59673	tests/shakespeare/ex01-hamlet.xml.HUFFMAN-GZ-HPM4
59686	tests/shakespeare/ex01-hamlet.xml.FIXED-LZMA-HPM4
59701	tests/shakespeare/ex01-hamlet.xml.BYTE-LZMA-HPM4
59708	tests/shakespeare/ex01-hamlet.xml.FIXED-HPM4-HPM5
59708	tests/shakespeare/ex01-hamlet.xml.FIXED-PPM4-HPM5
59717	tests/shakespeare/ex01-hamlet.xml.HUFFMAN-HPM4-HPM5
59717	tests/shakespeare/ex01-hamlet.xml.HUFFMAN-PPM4-HPM5
59718	tests/shakespeare/ex01-hamlet.xml.BYTE-BZ2-HPM5
59724	tests/shakespeare/ex01-hamlet.xml.BYTE-GZ-HPM4
59730	tests/shakespeare/ex01-hamlet.xml.FIXED-HPM5-HPM5
59730	tests/shakespeare/ex01-hamlet.xml.FIXED-PPM5-HPM5
59731	tests/shakespeare/ex01-hamlet.xml.HUFFMAN-HPM5-HPM5
59731	tests/shakespeare/ex01-hamlet.xml.HUFFMAN-PPM5-HPM5
59763	tests/shakespeare/ex01-hamlet.xml.FIXED-GZ-HPM4
59958	tests/shakespeare/ex01-hamlet.xml.FIXED-BZ2-HPM5
59959	tests/shakespeare/ex01-hamlet.xml.HUFFMAN-BZ2-HPM5
59974	tests/shakespeare/ex01-hamlet.xml.HUFFMAN-LZMA-HPM5
60016	tests/shakespeare/ex01-hamlet.xml.HUFFMAN-GZ-HPM5
60029	tests/shakespeare/ex01-hamlet.xml.FIXED-LZMA-HPM5
60044	tests/shakespeare/ex01-hamlet.xml.BYTE-LZMA-HPM5
60067	tests/shakespeare/ex01-hamlet.xml.BYTE-GZ-HPM5
60106	tests/shakespeare/ex01-hamlet.xml.FIXED-GZ-HPM5
61120	tests/shakespeare/ex01-hamlet.xml.BYTE-HPM5-PPM4
61120	tests/shakespeare/ex01-hamlet.xml.BYTE-PPM5-PPM4
61142	tests/shakespeare/ex01-hamlet.xml.BYTE-HPM4-PPM4
61142	tests/shakespeare/ex01-hamlet.xml.BYTE-PPM4-PPM4
61238	tests/shakespeare/ex01-hamlet.xml.HUFFMAN-NONE-HPM4
61292	tests/shakespeare/ex01-hamlet.xml.FIXED-HPM4-PPM4
61292	tests/shakespeare/ex01-hamlet.xml.FIXED-PPM4-PPM4
61301	tests/shakespeare/ex01-hamlet.xml.HUFFMAN-HPM4-PPM4
61301	tests/shakespeare/ex01-hamlet.xml.HUFFMAN-PPM4-PPM4
61302	tests/shakespeare/ex01-hamlet.xml.BYTE-BZ2-PPM4
61314	tests/shakespeare/ex01-hamlet.xml.FIXED-HPM5-PPM4
61314	tests/shakespeare/ex01-hamlet.xml.FIXED-PPM5-PPM4
61315	tests/shakespeare/ex01-hamlet.xml.HUFFMAN-HPM5-PPM4
61315	tests/shakespeare/ex01-hamlet.xml.HUFFMAN-PPM5-PPM4
61420	tests/shakespeare/ex01-hamlet.xml.BYTE-HPM5-PPM5
61420	tests/shakespeare/ex01-hamlet.xml.BYTE-PPM5-PPM5
61442	tests/shakespeare/ex01-hamlet.xml.BYTE-HPM4-PPM5
61442	tests/shakespeare/ex01-hamlet.xml.BYTE-PPM4-PPM5
61542	tests/shakespeare/ex01-hamlet.xml.FIXED-BZ2-PPM4
61543	tests/shakespeare/ex01-hamlet.xml.HUFFMAN-BZ2-PPM4
61558	tests/shakespeare/ex01-hamlet.xml.HUFFMAN-LZMA-PPM4
61581	tests/shakespeare/ex01-hamlet.xml.HUFFMAN-NONE-HPM5
61592	tests/shakespeare/ex01-hamlet.xml.FIXED-HPM4-PPM5
61592	tests/shakespeare/ex01-hamlet.xml.FIXED-PPM4-PPM5
61600	tests/shakespeare/ex01-hamlet.xml.HUFFMAN-GZ-PPM4
61601	tests/shakespeare/ex01-hamlet.xml.HUFFMAN-HPM4-PPM5
61601	tests/shakespeare/ex01-hamlet.xml.HUFFMAN-PPM4-PPM5
61602	tests/shakespeare/ex01-hamlet.xml.BYTE-BZ2-PPM5
61613	tests/shakespeare/ex01-hamlet.xml.FIXED-LZMA-PPM4
61614	tests/shakespeare/ex01-hamlet.xml.FIXED-HPM5-PPM5
61614	tests/shakespeare/ex01-hamlet.xml.FIXED-PPM5-PPM5
61615	tests/shakespeare/ex01-hamlet.xml.HUFFMAN-HPM5-PPM5
61615	tests/shakespeare/ex01-hamlet.xml.HUFFMAN-PPM5-PPM5
61628	tests/shakespeare/ex01-hamlet.xml.BYTE-LZMA-PPM4
61651	tests/shakespeare/ex01-hamlet.xml.BYTE-GZ-PPM4
61690	tests/shakespeare/ex01-hamlet.xml.FIXED-GZ-PPM4
61842	tests/shakespeare/ex01-hamlet.xml.FIXED-BZ2-PPM5
61843	tests/shakespeare/ex01-hamlet.xml.HUFFMAN-BZ2-PPM5
61858	tests/shakespeare/ex01-hamlet.xml.HUFFMAN-LZMA-PPM5
61900	tests/shakespeare/ex01-hamlet.xml.HUFFMAN-GZ-PPM5
61913	tests/shakespeare/ex01-hamlet.xml.FIXED-LZMA-PPM5
61928	tests/shakespeare/ex01-hamlet.xml.BYTE-LZMA-PPM5
61951	tests/shakespeare/ex01-hamlet.xml.BYTE-GZ-PPM5
61990	tests/shakespeare/ex01-hamlet.xml.FIXED-GZ-PPM5
62190	tests/shakespeare/ex01-hamlet.xml.BYTE-HPM5-BZ2
62190	tests/shakespeare/ex01-hamlet.xml.BYTE-PPM5-BZ2
62212	tests/shakespeare/ex01-hamlet.xml.BYTE-HPM4-BZ2
62212	tests/shakespeare/ex01-hamlet.xml.BYTE-PPM4-BZ2
62362	tests/shakespeare/ex01-hamlet.xml.FIXED-HPM4-BZ2
62362	tests/shakespeare/ex01-hamlet.xml.FIXED-PPM4-BZ2
62370	tests/shakespeare/ex01-hamlet.xml.BYTE-BZ2-BZ2
62371	tests/shakespeare/ex01-hamlet.xml.HUFFMAN-HPM4-BZ2
62371	tests/shakespeare/ex01-hamlet.xml.HUFFMAN-PPM4-BZ2
62384	tests/shakespeare/ex01-hamlet.xml.FIXED-HPM5-BZ2
62384	tests/shakespeare/ex01-hamlet.xml.FIXED-PPM5-BZ2
62385	tests/shakespeare/ex01-hamlet.xml.HUFFMAN-HPM5-BZ2
62385	tests/shakespeare/ex01-hamlet.xml.HUFFMAN-PPM5-BZ2
62388	tests/shakespeare/ex01-hamlet.xml.FIXED-NONE-HPM4
62610	tests/shakespeare/ex01-hamlet.xml.FIXED-BZ2-BZ2
62611	tests/shakespeare/ex01-hamlet.xml.HUFFMAN-BZ2-BZ2
62626	tests/shakespeare/ex01-hamlet.xml.HUFFMAN-LZMA-BZ2
62668	tests/shakespeare/ex01-hamlet.xml.HUFFMAN-GZ-BZ2
62681	tests/shakespeare/ex01-hamlet.xml.FIXED-LZMA-BZ2
62696	tests/shakespeare/ex01-hamlet.xml.BYTE-LZMA-BZ2
62719	tests/shakespeare/ex01-hamlet.xml.BYTE-GZ-BZ2
62731	tests/shakespeare/ex01-hamlet.xml.FIXED-NONE-HPM5
62758	tests/shakespeare/ex01-hamlet.xml.FIXED-GZ-BZ2
63165	tests/shakespeare/ex01-hamlet.xml.HUFFMAN-NONE-PPM4
63465	tests/shakespeare/ex01-hamlet.xml.HUFFMAN-NONE-PPM5
64233	tests/shakespeare/ex01-hamlet.xml.HUFFMAN-NONE-BZ2
64315	tests/shakespeare/ex01-hamlet.xml.FIXED-NONE-PPM4
64615	tests/shakespeare/ex01-hamlet.xml.FIXED-NONE-PPM5
65383	tests/shakespeare/ex01-hamlet.xml.FIXED-NONE-BZ2
69663	tests/shakespeare/ex01-hamlet.xml.BYTE-HPM5-LZMA
69663	tests/shakespeare/ex01-hamlet.xml.BYTE-PPM5-LZMA
69685	tests/shakespeare/ex01-hamlet.xml.BYTE-HPM4-LZMA
69685	tests/shakespeare/ex01-hamlet.xml.BYTE-PPM4-LZMA
69835	tests/shakespeare/ex01-hamlet.xml.FIXED-HPM4-LZMA
69835	tests/shakespeare/ex01-hamlet.xml.FIXED-PPM4-LZMA
69843	tests/shakespeare/ex01-hamlet.xml.BYTE-BZ2-LZMA
69844	tests/shakespeare/ex01-hamlet.xml.HUFFMAN-HPM4-LZMA
69844	tests/shakespeare/ex01-hamlet.xml.HUFFMAN-PPM4-LZMA
69857	tests/shakespeare/ex01-hamlet.xml.FIXED-HPM5-LZMA
69857	tests/shakespeare/ex01-hamlet.xml.FIXED-PPM5-LZMA
69858	tests/shakespeare/ex01-hamlet.xml.HUFFMAN-HPM5-LZMA
69858	tests/shakespeare/ex01-hamlet.xml.HUFFMAN-PPM5-LZMA
70083	tests/shakespeare/ex01-hamlet.xml.FIXED-BZ2-LZMA
70084	tests/shakespeare/ex01-hamlet.xml.HUFFMAN-BZ2-LZMA
70099	tests/shakespeare/ex01-hamlet.xml.HUFFMAN-LZMA-LZMA
70141	tests/shakespeare/ex01-hamlet.xml.HUFFMAN-GZ-LZMA
70154	tests/shakespeare/ex01-hamlet.xml.FIXED-LZMA-LZMA
70169	tests/shakespeare/ex01-hamlet.xml.BYTE-LZMA-LZMA
70192	tests/shakespeare/ex01-hamlet.xml.BYTE-GZ-LZMA
70231	tests/shakespeare/ex01-hamlet.xml.FIXED-GZ-LZMA
71706	tests/shakespeare/ex01-hamlet.xml.HUFFMAN-NONE-LZMA
72856	tests/shakespeare/ex01-hamlet.xml.FIXED-NONE-LZMA
76031	tests/shakespeare/ex01-hamlet.xml.BYTE-NONE-HPM4
76374	tests/shakespeare/ex01-hamlet.xml.BYTE-NONE-HPM5
77958	tests/shakespeare/ex01-hamlet.xml.BYTE-NONE-PPM4
78258	tests/shakespeare/ex01-hamlet.xml.BYTE-NONE-PPM5
78498	tests/shakespeare/ex01-hamlet.xml.BYTE-HPM5-GZ
78498	tests/shakespeare/ex01-hamlet.xml.BYTE-PPM5-GZ
78520	tests/shakespeare/ex01-hamlet.xml.BYTE-HPM4-GZ
78520	tests/shakespeare/ex01-hamlet.xml.BYTE-PPM4-GZ
78670	tests/shakespeare/ex01-hamlet.xml.FIXED-HPM4-GZ
78670	tests/shakespeare/ex01-hamlet.xml.FIXED-PPM4-GZ
78679	tests/shakespeare/ex01-hamlet.xml.HUFFMAN-HPM4-GZ
78679	tests/shakespeare/ex01-hamlet.xml.HUFFMAN-PPM4-GZ
78680	tests/shakespeare/ex01-hamlet.xml.BYTE-BZ2-GZ
78692	tests/shakespeare/ex01-hamlet.xml.FIXED-HPM5-GZ
78692	tests/shakespeare/ex01-hamlet.xml.FIXED-PPM5-GZ
78693	tests/shakespeare/ex01-hamlet.xml.HUFFMAN-HPM5-GZ
78693	tests/shakespeare/ex01-hamlet.xml.HUFFMAN-PPM5-GZ
78864	tests/shakespeare/ex01-hamlet.gz
78920	tests/shakespeare/ex01-hamlet.xml.FIXED-BZ2-GZ
78921	tests/shakespeare/ex01-hamlet.xml.HUFFMAN-BZ2-GZ
78936	tests/shakespeare/ex01-hamlet.xml.HUFFMAN-LZMA-GZ
78978	tests/shakespeare/ex01-hamlet.xml.HUFFMAN-GZ-GZ
78991	tests/shakespeare/ex01-hamlet.xml.FIXED-LZMA-GZ
79006	tests/shakespeare/ex01-hamlet.xml.BYTE-LZMA-GZ
79025	tests/shakespeare/ex01-hamlet.xml.BYTE-NONE-BZ2
79029	tests/shakespeare/ex01-hamlet.xml.BYTE-GZ-GZ
79068	tests/shakespeare/ex01-hamlet.xml.FIXED-GZ-GZ
80543	tests/shakespeare/ex01-hamlet.xml.HUFFMAN-NONE-GZ
81693	tests/shakespeare/ex01-hamlet.xml.FIXED-NONE-GZ
86495	tests/shakespeare/ex01-hamlet.xml.BYTE-NONE-LZMA
95333	tests/shakespeare/ex01-hamlet.xml.BYTE-NONE-GZ
182806	tests/shakespeare/ex01-hamlet.xml.BYTE-HPM5-NONE
182806	tests/shakespeare/ex01-hamlet.xml.BYTE-PPM5-NONE
182828	tests/shakespeare/ex01-hamlet.xml.BYTE-HPM4-NONE
182828	tests/shakespeare/ex01-hamlet.xml.BYTE-PPM4-NONE
182978	tests/shakespeare/ex01-hamlet.xml.FIXED-HPM4-NONE
182978	tests/shakespeare/ex01-hamlet.xml.FIXED-PPM4-NONE
182987	tests/shakespeare/ex01-hamlet.xml.HUFFMAN-HPM4-NONE
182987	tests/shakespeare/ex01-hamlet.xml.HUFFMAN-PPM4-NONE
182988	tests/shakespeare/ex01-hamlet.xml.BYTE-BZ2-NONE
183000	tests/shakespeare/ex01-hamlet.xml.FIXED-HPM5-NONE
183000	tests/shakespeare/ex01-hamlet.xml.FIXED-PPM5-NONE
183001	tests/shakespeare/ex01-hamlet.xml.HUFFMAN-HPM5-NONE
183001	tests/shakespeare/ex01-hamlet.xml.HUFFMAN-PPM5-NONE
183228	tests/shakespeare/ex01-hamlet.xml.FIXED-BZ2-NONE
183229	tests/shakespeare/ex01-hamlet.xml.HUFFMAN-BZ2-NONE
183244	tests/shakespeare/ex01-hamlet.xml.HUFFMAN-LZMA-NONE
183286	tests/shakespeare/ex01-hamlet.xml.HUFFMAN-GZ-NONE
183299	tests/shakespeare/ex01-hamlet.xml.FIXED-LZMA-NONE
183314	tests/shakespeare/ex01-hamlet.xml.BYTE-LZMA-NONE
183337	tests/shakespeare/ex01-hamlet.xml.BYTE-GZ-NONE
183376	tests/shakespeare/ex01-hamlet.xml.FIXED-GZ-NONE
184859	tests/shakespeare/ex01-hamlet.xml.HUFFMAN-NONE-NONE
186009	tests/shakespeare/ex01-hamlet.xml.FIXED-NONE-NONE
199652	tests/shakespeare/ex01-hamlet.xml.BYTE-NONE-NONE
270656	tests/shakespeare/ex01-hamlet.nbxml
288737	tests/shakespeare/ex01-hamlet.xml
