0	tests/shakespeare/ex01-hamlet.valid
8294	tests/shakespeare/ex01-hamlet.rnz
52386	tests/shakespeare/ex01-hamlet.xml.ppm
57600	tests/shakespeare/ex01-hamlet.xml.bz2
59514	tests/shakespeare/ex01-hamlet.xml.BYTE-PPM5-HPM5
59705	tests/shakespeare/ex01-hamlet.xml.BYTE-BZ2-HPM5
59722	tests/shakespeare/ex01-hamlet.xml.FIXED-PPM5-HPM5
59734	tests/shakespeare/ex01-hamlet.xml.HUFFMAN-PPM5-HPM5
59963	tests/shakespeare/ex01-hamlet.xml.FIXED-BZ2-HPM5
59972	tests/shakespeare/ex01-hamlet.xml.HUFFMAN-BZ2-HPM5
59975	tests/shakespeare/ex01-hamlet.xml.HUFFMAN-LZMA-HPM5
60012	tests/shakespeare/ex01-hamlet.xml.FIXED-LZMA-HPM5
60022	tests/shakespeare/ex01-hamlet.xml.HUFFMAN-GZ-HPM5
60026	tests/shakespeare/ex01-hamlet.xml.BYTE-LZMA-HPM5
60034	tests/shakespeare/ex01-hamlet.xml.BYTE-GZ-HPM5
60117	tests/shakespeare/ex01-hamlet.xml.FIXED-GZ-HPM5
61398	tests/shakespeare/ex01-hamlet.xml.BYTE-PPM5-PPM5
61581	tests/shakespeare/ex01-hamlet.xml.HUFFMAN-NONE-HPM5
61589	tests/shakespeare/ex01-hamlet.xml.BYTE-BZ2-PPM5
61606	tests/shakespeare/ex01-hamlet.xml.FIXED-PPM5-PPM5
61618	tests/shakespeare/ex01-hamlet.xml.HUFFMAN-PPM5-PPM5
61847	tests/shakespeare/ex01-hamlet.xml.FIXED-BZ2-PPM5
61856	tests/shakespeare/ex01-hamlet.xml.HUFFMAN-BZ2-PPM5
61859	tests/shakespeare/ex01-hamlet.xml.HUFFMAN-LZMA-PPM5
61896	tests/shakespeare/ex01-hamlet.xml.FIXED-LZMA-PPM5
61906	tests/shakespeare/ex01-hamlet.xml.HUFFMAN-GZ-PPM5
61910	tests/shakespeare/ex01-hamlet.xml.BYTE-LZMA-PPM5
61918	tests/shakespeare/ex01-hamlet.xml.BYTE-GZ-PPM5
62001	tests/shakespeare/ex01-hamlet.xml.FIXED-GZ-PPM5
62168	tests/shakespeare/ex01-hamlet.xml.BYTE-PPM5-BZ2
62357	tests/shakespeare/ex01-hamlet.xml.BYTE-BZ2-BZ2
62376	tests/shakespeare/ex01-hamlet.xml.FIXED-PPM5-BZ2
62388	tests/shakespeare/ex01-hamlet.xml.HUFFMAN-PPM5-BZ2
62615	tests/shakespeare/ex01-hamlet.xml.FIXED-BZ2-BZ2
62624	tests/shakespeare/ex01-hamlet.xml.HUFFMAN-BZ2-BZ2
62629	tests/shakespeare/ex01-hamlet.xml.HUFFMAN-LZMA-BZ2
62666	tests/shakespeare/ex01-hamlet.xml.FIXED-LZMA-BZ2
62674	tests/shakespeare/ex01-hamlet.xml.HUFFMAN-GZ-BZ2
62680	tests/shakespeare/ex01-hamlet.xml.BYTE-LZMA-BZ2
62686	tests/shakespeare/ex01-hamlet.xml.BYTE-GZ-BZ2
62731	tests/shakespeare/ex01-hamlet.xml.FIXED-NONE-HPM5
62769	tests/shakespeare/ex01-hamlet.xml.FIXED-GZ-BZ2
63465	tests/shakespeare/ex01-hamlet.xml.HUFFMAN-NONE-PPM5
64233	tests/shakespeare/ex01-hamlet.xml.HUFFMAN-NONE-BZ2
64615	tests/shakespeare/ex01-hamlet.xml.FIXED-NONE-PPM5
65383	tests/shakespeare/ex01-hamlet.xml.FIXED-NONE-BZ2
69636	tests/shakespeare/ex01-hamlet.xml.BYTE-PPM5-LZMA
69825	tests/shakespeare/ex01-hamlet.xml.BYTE-BZ2-LZMA
69844	tests/shakespeare/ex01-hamlet.xml.FIXED-PPM5-LZMA
69856	tests/shakespeare/ex01-hamlet.xml.HUFFMAN-PPM5-LZMA
70083	tests/shakespeare/ex01-hamlet.xml.FIXED-BZ2-LZMA
70092	tests/shakespeare/ex01-hamlet.xml.HUFFMAN-BZ2-LZMA
70097	tests/shakespeare/ex01-hamlet.xml.HUFFMAN-LZMA-LZMA
70134	tests/shakespeare/ex01-hamlet.xml.FIXED-LZMA-LZMA
70142	tests/shakespeare/ex01-hamlet.xml.HUFFMAN-GZ-LZMA
70148	tests/shakespeare/ex01-hamlet.xml.BYTE-LZMA-LZMA
70154	tests/shakespeare/ex01-hamlet.xml.BYTE-GZ-LZMA
70237	tests/shakespeare/ex01-hamlet.xml.FIXED-GZ-LZMA
71701	tests/shakespeare/ex01-hamlet.xml.HUFFMAN-NONE-LZMA
72851	tests/shakespeare/ex01-hamlet.xml.FIXED-NONE-LZMA
76373	tests/shakespeare/ex01-hamlet.xml.BYTE-NONE-HPM5
78257	tests/shakespeare/ex01-hamlet.xml.BYTE-NONE-PPM5
78476	tests/shakespeare/ex01-hamlet.xml.BYTE-PPM5-GZ
78667	tests/shakespeare/ex01-hamlet.xml.BYTE-BZ2-GZ
78684	tests/shakespeare/ex01-hamlet.xml.FIXED-PPM5-GZ
78696	tests/shakespeare/ex01-hamlet.xml.HUFFMAN-PPM5-GZ
78865	tests/shakespeare/ex01-hamlet.xml.gz
78925	tests/shakespeare/ex01-hamlet.xml.FIXED-BZ2-GZ
78934	tests/shakespeare/ex01-hamlet.xml.HUFFMAN-BZ2-GZ
78937	tests/shakespeare/ex01-hamlet.xml.HUFFMAN-LZMA-GZ
78974	tests/shakespeare/ex01-hamlet.xml.FIXED-LZMA-GZ
78984	tests/shakespeare/ex01-hamlet.xml.HUFFMAN-GZ-GZ
78988	tests/shakespeare/ex01-hamlet.xml.BYTE-LZMA-GZ
78996	tests/shakespeare/ex01-hamlet.xml.BYTE-GZ-GZ
79024	tests/shakespeare/ex01-hamlet.xml.BYTE-NONE-BZ2
79079	tests/shakespeare/ex01-hamlet.xml.FIXED-GZ-GZ
80543	tests/shakespeare/ex01-hamlet.xml.HUFFMAN-NONE-GZ
81693	tests/shakespeare/ex01-hamlet.xml.FIXED-NONE-GZ
86489	tests/shakespeare/ex01-hamlet.xml.BYTE-NONE-LZMA
95332	tests/shakespeare/ex01-hamlet.xml.BYTE-NONE-GZ
183000	tests/shakespeare/ex01-hamlet.xml.FIXED-PPM5-NONE
183001	tests/shakespeare/ex01-hamlet.xml.HUFFMAN-PPM5-NONE
183228	tests/shakespeare/ex01-hamlet.xml.FIXED-BZ2-NONE
183229	tests/shakespeare/ex01-hamlet.xml.HUFFMAN-BZ2-NONE
183237	tests/shakespeare/ex01-hamlet.xml.HUFFMAN-LZMA-NONE
183286	tests/shakespeare/ex01-hamlet.xml.HUFFMAN-GZ-NONE
183292	tests/shakespeare/ex01-hamlet.xml.FIXED-LZMA-NONE
183307	tests/shakespeare/ex01-hamlet.xml.BYTE-LZMA-NONE
183337	tests/shakespeare/ex01-hamlet.xml.BYTE-GZ-NONE
183376	tests/shakespeare/ex01-hamlet.xml.FIXED-GZ-NONE
184859	tests/shakespeare/ex01-hamlet.xml.HUFFMAN-NONE-NONE
186009	tests/shakespeare/ex01-hamlet.xml.FIXED-NONE-NONE
199652	tests/shakespeare/ex01-hamlet.xml.BYTE-NONE-NONE
270656	tests/shakespeare/ex01-hamlet.xml.nb
288737	tests/shakespeare/ex01-hamlet.xml
