0	tests/club/ex01-backgammon.summary
0	tests/club/ex01-backgammon.valid
946	tests/club/ex01-backgammon.xml.ppm
1083	tests/club/ex01-backgammon.xml.HUFFMAN-HPM4-HPM5
1083	tests/club/ex01-backgammon.xml.HUFFMAN-PPM4-HPM5
1084	tests/club/ex01-backgammon.xml.HUFFMAN-HPM4-HPM4
1084	tests/club/ex01-backgammon.xml.HUFFMAN-HPM5-HPM5
1084	tests/club/ex01-backgammon.xml.HUFFMAN-PPM4-HPM4
1084	tests/club/ex01-backgammon.xml.HUFFMAN-PPM5-HPM5
1085	tests/club/ex01-backgammon.xml.HUFFMAN-HPM5-HPM4
1085	tests/club/ex01-backgammon.xml.HUFFMAN-PPM5-HPM4
1090	tests/club/ex01-backgammon.xml.BYTE-HPM4-HPM5
1090	tests/club/ex01-backgammon.xml.BYTE-HPM5-HPM5
1090	tests/club/ex01-backgammon.xml.BYTE-PPM4-HPM5
1090	tests/club/ex01-backgammon.xml.BYTE-PPM5-HPM5
1091	tests/club/ex01-backgammon.xml.BYTE-HPM4-HPM4
1091	tests/club/ex01-backgammon.xml.BYTE-HPM5-HPM4
1091	tests/club/ex01-backgammon.xml.BYTE-PPM4-HPM4
1091	tests/club/ex01-backgammon.xml.BYTE-PPM5-HPM4
1092	tests/club/ex01-backgammon.xml.FIXED-HPM4-HPM5
1092	tests/club/ex01-backgammon.xml.FIXED-HPM5-HPM5
1092	tests/club/ex01-backgammon.xml.FIXED-PPM4-HPM5
1092	tests/club/ex01-backgammon.xml.FIXED-PPM5-HPM5
1093	tests/club/ex01-backgammon.xml.FIXED-HPM4-HPM4
1093	tests/club/ex01-backgammon.xml.FIXED-HPM5-HPM4
1093	tests/club/ex01-backgammon.xml.FIXED-PPM4-HPM4
1093	tests/club/ex01-backgammon.xml.FIXED-PPM5-HPM4
1104	tests/club/ex01-backgammon.xml.BYTE-LZMA-HPM5
1105	tests/club/ex01-backgammon.xml.BYTE-LZMA-HPM4
1105	tests/club/ex01-backgammon.xml.HUFFMAN-LZMA-HPM5
1106	tests/club/ex01-backgammon.xml.BYTE-GZ-HPM5
1106	tests/club/ex01-backgammon.xml.HUFFMAN-LZMA-HPM4
1107	tests/club/ex01-backgammon.xml.BYTE-GZ-HPM4
1109	tests/club/ex01-backgammon.xml.BYTE-BZ2-HPM5
1110	tests/club/ex01-backgammon.xml.BYTE-BZ2-HPM4
1112	tests/club/ex01-backgammon.xml.FIXED-LZMA-HPM5
1113	tests/club/ex01-backgammon.xml.FIXED-LZMA-HPM4
1115	tests/club/ex01-backgammon.xml.HUFFMAN-GZ-HPM5
1116	tests/club/ex01-backgammon.xml.HUFFMAN-GZ-HPM4
1117	tests/club/ex01-backgammon.xml.HUFFMAN-NONE-HPM5
1118	tests/club/ex01-backgammon.xml.HUFFMAN-NONE-HPM4
1119	tests/club/ex01-backgammon.xml.FIXED-GZ-HPM5
1120	tests/club/ex01-backgammon.xml.FIXED-GZ-HPM4
1121	tests/club/ex01-backgammon.xml.FIXED-NONE-HPM5
1122	tests/club/ex01-backgammon.xml.FIXED-NONE-HPM4
1128	tests/club/ex01-backgammon.xml.HUFFMAN-BZ2-HPM5
1129	tests/club/ex01-backgammon.xml.HUFFMAN-BZ2-HPM4
1139	tests/club/ex01-backgammon.xml.FIXED-BZ2-HPM5
1140	tests/club/ex01-backgammon.xml.FIXED-BZ2-HPM4
1153	tests/club/ex01-backgammon.xml.HUFFMAN-HPM4-PPM5
1153	tests/club/ex01-backgammon.xml.HUFFMAN-PPM4-PPM5
1154	tests/club/ex01-backgammon.xml.HUFFMAN-HPM5-PPM5
1154	tests/club/ex01-backgammon.xml.HUFFMAN-PPM5-PPM5
1159	tests/club/ex01-backgammon.xml.HUFFMAN-HPM4-PPM4
1159	tests/club/ex01-backgammon.xml.HUFFMAN-PPM4-PPM4
1160	tests/club/ex01-backgammon.xml.BYTE-HPM4-PPM5
1160	tests/club/ex01-backgammon.xml.BYTE-HPM5-PPM5
1160	tests/club/ex01-backgammon.xml.BYTE-PPM4-PPM5
1160	tests/club/ex01-backgammon.xml.BYTE-PPM5-PPM5
1160	tests/club/ex01-backgammon.xml.HUFFMAN-HPM5-PPM4
1160	tests/club/ex01-backgammon.xml.HUFFMAN-PPM5-PPM4
1162	tests/club/ex01-backgammon.xml.FIXED-HPM4-PPM5
1162	tests/club/ex01-backgammon.xml.FIXED-HPM5-PPM5
1162	tests/club/ex01-backgammon.xml.FIXED-PPM4-PPM5
1162	tests/club/ex01-backgammon.xml.FIXED-PPM5-PPM5
1166	tests/club/ex01-backgammon.xml.BYTE-HPM4-PPM4
1166	tests/club/ex01-backgammon.xml.BYTE-HPM5-PPM4
1166	tests/club/ex01-backgammon.xml.BYTE-PPM4-PPM4
1166	tests/club/ex01-backgammon.xml.BYTE-PPM5-PPM4
1168	tests/club/ex01-backgammon.xml.FIXED-HPM4-PPM4
1168	tests/club/ex01-backgammon.xml.FIXED-HPM5-PPM4
1168	tests/club/ex01-backgammon.xml.FIXED-PPM4-PPM4
1168	tests/club/ex01-backgammon.xml.FIXED-PPM5-PPM4
1169	tests/club/ex01-backgammon.xml.HUFFMAN-HPM4-LZMA
1169	tests/club/ex01-backgammon.xml.HUFFMAN-PPM4-LZMA
1170	tests/club/ex01-backgammon.xml.HUFFMAN-HPM5-LZMA
1170	tests/club/ex01-backgammon.xml.HUFFMAN-PPM5-LZMA
1174	tests/club/ex01-backgammon.xml.BYTE-LZMA-PPM5
1175	tests/club/ex01-backgammon.xml.HUFFMAN-LZMA-PPM5
1176	tests/club/ex01-backgammon.xml.BYTE-GZ-PPM5
1176	tests/club/ex01-backgammon.xml.BYTE-HPM4-LZMA
1176	tests/club/ex01-backgammon.xml.BYTE-HPM5-LZMA
1176	tests/club/ex01-backgammon.xml.BYTE-PPM4-LZMA
1176	tests/club/ex01-backgammon.xml.BYTE-PPM5-LZMA
1178	tests/club/ex01-backgammon.xml.FIXED-HPM4-LZMA
1178	tests/club/ex01-backgammon.xml.FIXED-HPM5-LZMA
1178	tests/club/ex01-backgammon.xml.FIXED-PPM4-LZMA
1178	tests/club/ex01-backgammon.xml.FIXED-PPM5-LZMA
1179	tests/club/ex01-backgammon.xml.BYTE-BZ2-PPM5
1180	tests/club/ex01-backgammon.xml.BYTE-LZMA-PPM4
1181	tests/club/ex01-backgammon.xml.HUFFMAN-LZMA-PPM4
1182	tests/club/ex01-backgammon.xml.BYTE-GZ-PPM4
1182	tests/club/ex01-backgammon.xml.FIXED-LZMA-PPM5
1185	tests/club/ex01-backgammon.xml.BYTE-BZ2-PPM4
1185	tests/club/ex01-backgammon.xml.HUFFMAN-GZ-PPM5
1187	tests/club/ex01-backgammon.xml.HUFFMAN-NONE-PPM5
1188	tests/club/ex01-backgammon.xml.FIXED-LZMA-PPM4
1189	tests/club/ex01-backgammon.xml.FIXED-GZ-PPM5
1190	tests/club/ex01-backgammon.xml.BYTE-LZMA-LZMA
1191	tests/club/ex01-backgammon.xml.FIXED-NONE-PPM5
1191	tests/club/ex01-backgammon.xml.HUFFMAN-GZ-PPM4
1191	tests/club/ex01-backgammon.xml.HUFFMAN-LZMA-LZMA
1192	tests/club/ex01-backgammon.xml.BYTE-GZ-LZMA
1193	tests/club/ex01-backgammon.xml.HUFFMAN-NONE-PPM4
1195	tests/club/ex01-backgammon.xml.BYTE-BZ2-LZMA
1195	tests/club/ex01-backgammon.xml.FIXED-GZ-PPM4
1197	tests/club/ex01-backgammon.xml.FIXED-NONE-PPM4
1198	tests/club/ex01-backgammon.xml.FIXED-LZMA-LZMA
1198	tests/club/ex01-backgammon.xml.HUFFMAN-BZ2-PPM5
1201	tests/club/ex01-backgammon.xml.HUFFMAN-GZ-LZMA
1203	tests/club/ex01-backgammon.xml.HUFFMAN-NONE-LZMA
1204	tests/club/ex01-backgammon.xml.HUFFMAN-BZ2-PPM4
1205	tests/club/ex01-backgammon.xml.FIXED-GZ-LZMA
1207	tests/club/ex01-backgammon.xml.FIXED-NONE-LZMA
1209	tests/club/ex01-backgammon.xml.FIXED-BZ2-PPM5
1214	tests/club/ex01-backgammon.xml.HUFFMAN-BZ2-LZMA
1214	tests/club/ex01-backgammon.xml.HUFFMAN-HPM4-BZ2
1214	tests/club/ex01-backgammon.xml.HUFFMAN-PPM4-BZ2
1215	tests/club/ex01-backgammon.xml.FIXED-BZ2-PPM4
1215	tests/club/ex01-backgammon.xml.HUFFMAN-HPM5-BZ2
1215	tests/club/ex01-backgammon.xml.HUFFMAN-PPM5-BZ2
1221	tests/club/ex01-backgammon.xml.BYTE-HPM4-BZ2
1221	tests/club/ex01-backgammon.xml.BYTE-HPM5-BZ2
1221	tests/club/ex01-backgammon.xml.BYTE-PPM4-BZ2
1221	tests/club/ex01-backgammon.xml.BYTE-PPM5-BZ2
1223	tests/club/ex01-backgammon.xml.FIXED-HPM4-BZ2
1223	tests/club/ex01-backgammon.xml.FIXED-HPM5-BZ2
1223	tests/club/ex01-backgammon.xml.FIXED-PPM4-BZ2
1223	tests/club/ex01-backgammon.xml.FIXED-PPM5-BZ2
1225	tests/club/ex01-backgammon.xml.FIXED-BZ2-LZMA
1229	tests/club/ex01-backgammon.xml.bz2
1235	tests/club/ex01-backgammon.xml.BYTE-LZMA-BZ2
1236	tests/club/ex01-backgammon.xml.HUFFMAN-LZMA-BZ2
1237	tests/club/ex01-backgammon.xml.BYTE-GZ-BZ2
1240	tests/club/ex01-backgammon.xml.BYTE-BZ2-BZ2
1243	tests/club/ex01-backgammon.xml.FIXED-LZMA-BZ2
1246	tests/club/ex01-backgammon.xml.HUFFMAN-GZ-BZ2
1248	tests/club/ex01-backgammon.xml.HUFFMAN-NONE-BZ2
1250	tests/club/ex01-backgammon.xml.FIXED-GZ-BZ2
1252	tests/club/ex01-backgammon.xml.FIXED-NONE-BZ2
1259	tests/club/ex01-backgammon.xml.HUFFMAN-BZ2-BZ2
1262	tests/club/ex01-backgammon.xml.HUFFMAN-HPM4-GZ
1262	tests/club/ex01-backgammon.xml.HUFFMAN-PPM4-GZ
1263	tests/club/ex01-backgammon.xml.HUFFMAN-HPM5-GZ
1263	tests/club/ex01-backgammon.xml.HUFFMAN-PPM5-GZ
1269	tests/club/ex01-backgammon.xml.BYTE-HPM4-GZ
1269	tests/club/ex01-backgammon.xml.BYTE-HPM5-GZ
1269	tests/club/ex01-backgammon.xml.BYTE-PPM4-GZ
1269	tests/club/ex01-backgammon.xml.BYTE-PPM5-GZ
1270	tests/club/ex01-backgammon.xml.FIXED-BZ2-BZ2
1271	tests/club/ex01-backgammon.xml.FIXED-HPM4-GZ
1271	tests/club/ex01-backgammon.xml.FIXED-HPM5-GZ
1271	tests/club/ex01-backgammon.xml.FIXED-PPM4-GZ
1271	tests/club/ex01-backgammon.xml.FIXED-PPM5-GZ
1283	tests/club/ex01-backgammon.xml.BYTE-LZMA-GZ
1284	tests/club/ex01-backgammon.xml.HUFFMAN-LZMA-GZ
1285	tests/club/ex01-backgammon.xml.BYTE-GZ-GZ
1288	tests/club/ex01-backgammon.xml.BYTE-BZ2-GZ
1291	tests/club/ex01-backgammon.xml.FIXED-LZMA-GZ
1294	tests/club/ex01-backgammon.xml.HUFFMAN-GZ-GZ
1296	tests/club/ex01-backgammon.xml.HUFFMAN-NONE-GZ
1298	tests/club/ex01-backgammon.xml.FIXED-GZ-GZ
1300	tests/club/ex01-backgammon.xml.FIXED-NONE-GZ
1307	tests/club/ex01-backgammon.xml.HUFFMAN-BZ2-GZ
1318	tests/club/ex01-backgammon.xml.FIXED-BZ2-GZ
1342	tests/club/ex01-backgammon.xml.gz
1639	tests/club/ex01-backgammon.xml.BYTE-NONE-HPM5
1640	tests/club/ex01-backgammon.xml.BYTE-NONE-HPM4
1709	tests/club/ex01-backgammon.xml.BYTE-NONE-PPM5
1715	tests/club/ex01-backgammon.xml.BYTE-NONE-PPM4
1725	tests/club/ex01-backgammon.xml.BYTE-NONE-LZMA
1770	tests/club/ex01-backgammon.xml.BYTE-NONE-BZ2
1818	tests/club/ex01-backgammon.xml.BYTE-NONE-GZ
3097	tests/club/ex01-backgammon.xml.HUFFMAN-HPM4-NONE
3097	tests/club/ex01-backgammon.xml.HUFFMAN-PPM4-NONE
3098	tests/club/ex01-backgammon.xml.HUFFMAN-HPM5-NONE
3098	tests/club/ex01-backgammon.xml.HUFFMAN-PPM5-NONE
3104	tests/club/ex01-backgammon.xml.BYTE-HPM4-NONE
3104	tests/club/ex01-backgammon.xml.BYTE-HPM5-NONE
3104	tests/club/ex01-backgammon.xml.BYTE-PPM4-NONE
3104	tests/club/ex01-backgammon.xml.BYTE-PPM5-NONE
3106	tests/club/ex01-backgammon.xml.FIXED-HPM4-NONE
3106	tests/club/ex01-backgammon.xml.FIXED-HPM5-NONE
3106	tests/club/ex01-backgammon.xml.FIXED-PPM4-NONE
3106	tests/club/ex01-backgammon.xml.FIXED-PPM5-NONE
3118	tests/club/ex01-backgammon.xml.BYTE-LZMA-NONE
3119	tests/club/ex01-backgammon.xml.HUFFMAN-LZMA-NONE
3120	tests/club/ex01-backgammon.xml.BYTE-GZ-NONE
3123	tests/club/ex01-backgammon.xml.BYTE-BZ2-NONE
3126	tests/club/ex01-backgammon.xml.FIXED-LZMA-NONE
3129	tests/club/ex01-backgammon.xml.HUFFMAN-GZ-NONE
3131	tests/club/ex01-backgammon.xml.HUFFMAN-NONE-NONE
3133	tests/club/ex01-backgammon.xml.FIXED-GZ-NONE
3135	tests/club/ex01-backgammon.xml.FIXED-NONE-NONE
3142	tests/club/ex01-backgammon.xml.HUFFMAN-BZ2-NONE
3153	tests/club/ex01-backgammon.xml.FIXED-BZ2-NONE
3653	tests/club/ex01-backgammon.xml.BYTE-NONE-NONE
8028	tests/club/ex01-backgammon.xml.nb
9103	tests/club/ex01-backgammon.xml
19989	tests/club/ex01-backgammon.rnz
