0	tests/club/ex01-backgammon.summary
0	tests/club/ex01-backgammon.valid
946	tests/club/ex01-backgammon.xml.ppm
1087	tests/club/ex01-backgammon.xml.HUFFMAN-PPM5-HPM5
1093	tests/club/ex01-backgammon.xml.BYTE-PPM5-HPM5
1095	tests/club/ex01-backgammon.xml.FIXED-PPM5-HPM5
1102	tests/club/ex01-backgammon.xml.BYTE-LZMA-HPM5
1103	tests/club/ex01-backgammon.xml.HUFFMAN-LZMA-HPM5
1109	tests/club/ex01-backgammon.xml.BYTE-GZ-HPM5
1110	tests/club/ex01-backgammon.xml.FIXED-LZMA-HPM5
1112	tests/club/ex01-backgammon.xml.BYTE-BZ2-HPM5
1118	tests/club/ex01-backgammon.xml.HUFFMAN-GZ-HPM5
1120	tests/club/ex01-backgammon.xml.HUFFMAN-NONE-HPM5
1122	tests/club/ex01-backgammon.xml.FIXED-GZ-HPM5
1124	tests/club/ex01-backgammon.xml.FIXED-NONE-HPM5
1131	tests/club/ex01-backgammon.xml.HUFFMAN-BZ2-HPM5
1142	tests/club/ex01-backgammon.xml.FIXED-BZ2-HPM5
1156	tests/club/ex01-backgammon.xml.HUFFMAN-PPM5-PPM5
1162	tests/club/ex01-backgammon.xml.BYTE-PPM5-PPM5
1164	tests/club/ex01-backgammon.xml.FIXED-PPM5-PPM5
1164	tests/club/ex01-backgammon.xml.HUFFMAN-PPM5-LZMA
1170	tests/club/ex01-backgammon.xml.BYTE-PPM5-LZMA
1171	tests/club/ex01-backgammon.xml.BYTE-LZMA-PPM5
1172	tests/club/ex01-backgammon.xml.FIXED-PPM5-LZMA
1172	tests/club/ex01-backgammon.xml.HUFFMAN-LZMA-PPM5
1178	tests/club/ex01-backgammon.xml.BYTE-GZ-PPM5
1179	tests/club/ex01-backgammon.xml.BYTE-LZMA-LZMA
1179	tests/club/ex01-backgammon.xml.FIXED-LZMA-PPM5
1180	tests/club/ex01-backgammon.xml.HUFFMAN-LZMA-LZMA
1181	tests/club/ex01-backgammon.xml.BYTE-BZ2-PPM5
1186	tests/club/ex01-backgammon.xml.BYTE-GZ-LZMA
1187	tests/club/ex01-backgammon.xml.FIXED-LZMA-LZMA
1187	tests/club/ex01-backgammon.xml.HUFFMAN-GZ-PPM5
1189	tests/club/ex01-backgammon.xml.BYTE-BZ2-LZMA
1189	tests/club/ex01-backgammon.xml.HUFFMAN-NONE-PPM5
1191	tests/club/ex01-backgammon.xml.FIXED-GZ-PPM5
1193	tests/club/ex01-backgammon.xml.FIXED-NONE-PPM5
1195	tests/club/ex01-backgammon.xml.HUFFMAN-GZ-LZMA
1197	tests/club/ex01-backgammon.xml.HUFFMAN-NONE-LZMA
1199	tests/club/ex01-backgammon.xml.FIXED-GZ-LZMA
1200	tests/club/ex01-backgammon.xml.HUFFMAN-BZ2-PPM5
1201	tests/club/ex01-backgammon.xml.FIXED-NONE-LZMA
1208	tests/club/ex01-backgammon.xml.HUFFMAN-BZ2-LZMA
1211	tests/club/ex01-backgammon.xml.FIXED-BZ2-PPM5
1218	tests/club/ex01-backgammon.xml.HUFFMAN-PPM5-BZ2
1219	tests/club/ex01-backgammon.xml.FIXED-BZ2-LZMA
1224	tests/club/ex01-backgammon.xml.BYTE-PPM5-BZ2
1226	tests/club/ex01-backgammon.xml.FIXED-PPM5-BZ2
1229	tests/club/ex01-backgammon.xml.bz2
1233	tests/club/ex01-backgammon.xml.BYTE-LZMA-BZ2
1234	tests/club/ex01-backgammon.xml.HUFFMAN-LZMA-BZ2
1240	tests/club/ex01-backgammon.xml.BYTE-GZ-BZ2
1241	tests/club/ex01-backgammon.xml.FIXED-LZMA-BZ2
1243	tests/club/ex01-backgammon.xml.BYTE-BZ2-BZ2
1249	tests/club/ex01-backgammon.xml.HUFFMAN-GZ-BZ2
1251	tests/club/ex01-backgammon.xml.HUFFMAN-NONE-BZ2
1253	tests/club/ex01-backgammon.xml.FIXED-GZ-BZ2
1255	tests/club/ex01-backgammon.xml.FIXED-NONE-BZ2
1262	tests/club/ex01-backgammon.xml.HUFFMAN-BZ2-BZ2
1263	tests/club/ex01-backgammon.xml.HUFFMAN-PPM5-GZ
1269	tests/club/ex01-backgammon.xml.BYTE-PPM5-GZ
1271	tests/club/ex01-backgammon.xml.FIXED-PPM5-GZ
1273	tests/club/ex01-backgammon.xml.FIXED-BZ2-BZ2
1278	tests/club/ex01-backgammon.xml.BYTE-LZMA-GZ
1279	tests/club/ex01-backgammon.xml.HUFFMAN-LZMA-GZ
1285	tests/club/ex01-backgammon.xml.BYTE-GZ-GZ
1286	tests/club/ex01-backgammon.xml.FIXED-LZMA-GZ
1288	tests/club/ex01-backgammon.xml.BYTE-BZ2-GZ
1294	tests/club/ex01-backgammon.xml.HUFFMAN-GZ-GZ
1296	tests/club/ex01-backgammon.xml.HUFFMAN-NONE-GZ
1298	tests/club/ex01-backgammon.xml.FIXED-GZ-GZ
1300	tests/club/ex01-backgammon.xml.FIXED-NONE-GZ
1307	tests/club/ex01-backgammon.xml.HUFFMAN-BZ2-GZ
1318	tests/club/ex01-backgammon.xml.FIXED-BZ2-GZ
1342	tests/club/ex01-backgammon.xml.gz
1642	tests/club/ex01-backgammon.xml.BYTE-NONE-HPM5
1711	tests/club/ex01-backgammon.xml.BYTE-NONE-PPM5
1719	tests/club/ex01-backgammon.xml.BYTE-NONE-LZMA
1773	tests/club/ex01-backgammon.xml.BYTE-NONE-BZ2
1818	tests/club/ex01-backgammon.xml.BYTE-NONE-GZ
3099	tests/club/ex01-backgammon.xml.HUFFMAN-PPM5-NONE
3105	tests/club/ex01-backgammon.xml.BYTE-PPM5-NONE
3107	tests/club/ex01-backgammon.xml.FIXED-PPM5-NONE
3114	tests/club/ex01-backgammon.xml.BYTE-LZMA-NONE
3115	tests/club/ex01-backgammon.xml.HUFFMAN-LZMA-NONE
3121	tests/club/ex01-backgammon.xml.BYTE-GZ-NONE
3122	tests/club/ex01-backgammon.xml.FIXED-LZMA-NONE
3124	tests/club/ex01-backgammon.xml.BYTE-BZ2-NONE
3130	tests/club/ex01-backgammon.xml.HUFFMAN-GZ-NONE
3132	tests/club/ex01-backgammon.xml.HUFFMAN-NONE-NONE
3134	tests/club/ex01-backgammon.xml.FIXED-GZ-NONE
3136	tests/club/ex01-backgammon.xml.FIXED-NONE-NONE
3143	tests/club/ex01-backgammon.xml.HUFFMAN-BZ2-NONE
3154	tests/club/ex01-backgammon.xml.FIXED-BZ2-NONE
3654	tests/club/ex01-backgammon.xml.BYTE-NONE-NONE
8028	tests/club/ex01-backgammon.xml.nb
9103	tests/club/ex01-backgammon.xml
9393	tests/club/ex01-backgammon.rnz
