0	tests/club/ex01-backgammon.valid
946	tests/club/ex01-backgammon.xppm
1086	tests/club/ex01-backgammon.xml.HUFFMAN-HPM4-HPM4
1086	tests/club/ex01-backgammon.xml.HUFFMAN-HPM4-HPM5
1086	tests/club/ex01-backgammon.xml.HUFFMAN-PPM4-HPM4
1086	tests/club/ex01-backgammon.xml.HUFFMAN-PPM4-HPM5
1087	tests/club/ex01-backgammon.xml.HUFFMAN-HPM5-HPM4
1087	tests/club/ex01-backgammon.xml.HUFFMAN-HPM5-HPM5
1087	tests/club/ex01-backgammon.xml.HUFFMAN-PPM5-HPM4
1087	tests/club/ex01-backgammon.xml.HUFFMAN-PPM5-HPM5
1093	tests/club/ex01-backgammon.xml.BYTE-HPM4-HPM4
1093	tests/club/ex01-backgammon.xml.BYTE-HPM4-HPM5
1093	tests/club/ex01-backgammon.xml.BYTE-HPM5-HPM4
1093	tests/club/ex01-backgammon.xml.BYTE-HPM5-HPM5
1093	tests/club/ex01-backgammon.xml.BYTE-PPM4-HPM4
1093	tests/club/ex01-backgammon.xml.BYTE-PPM4-HPM5
1093	tests/club/ex01-backgammon.xml.BYTE-PPM5-HPM4
1093	tests/club/ex01-backgammon.xml.BYTE-PPM5-HPM5
1095	tests/club/ex01-backgammon.xml.FIXED-HPM4-HPM4
1095	tests/club/ex01-backgammon.xml.FIXED-HPM4-HPM5
1095	tests/club/ex01-backgammon.xml.FIXED-HPM5-HPM4
1095	tests/club/ex01-backgammon.xml.FIXED-HPM5-HPM5
1095	tests/club/ex01-backgammon.xml.FIXED-PPM4-HPM4
1095	tests/club/ex01-backgammon.xml.FIXED-PPM4-HPM5
1095	tests/club/ex01-backgammon.xml.FIXED-PPM5-HPM4
1095	tests/club/ex01-backgammon.xml.FIXED-PPM5-HPM5
1107	tests/club/ex01-backgammon.xml.BYTE-LZMA-HPM4
1107	tests/club/ex01-backgammon.xml.BYTE-LZMA-HPM5
1108	tests/club/ex01-backgammon.xml.HUFFMAN-LZMA-HPM4
1108	tests/club/ex01-backgammon.xml.HUFFMAN-LZMA-HPM5
1109	tests/club/ex01-backgammon.xml.BYTE-GZ-HPM4
1109	tests/club/ex01-backgammon.xml.BYTE-GZ-HPM5
1112	tests/club/ex01-backgammon.xml.BYTE-BZ2-HPM4
1112	tests/club/ex01-backgammon.xml.BYTE-BZ2-HPM5
1115	tests/club/ex01-backgammon.xml.FIXED-LZMA-HPM4
1115	tests/club/ex01-backgammon.xml.FIXED-LZMA-HPM5
1118	tests/club/ex01-backgammon.xml.HUFFMAN-GZ-HPM4
1118	tests/club/ex01-backgammon.xml.HUFFMAN-GZ-HPM5
1120	tests/club/ex01-backgammon.xml.HUFFMAN-NONE-HPM4
1120	tests/club/ex01-backgammon.xml.HUFFMAN-NONE-HPM5
1122	tests/club/ex01-backgammon.xml.FIXED-GZ-HPM4
1122	tests/club/ex01-backgammon.xml.FIXED-GZ-HPM5
1124	tests/club/ex01-backgammon.xml.FIXED-NONE-HPM4
1124	tests/club/ex01-backgammon.xml.FIXED-NONE-HPM5
1131	tests/club/ex01-backgammon.xml.HUFFMAN-BZ2-HPM4
1131	tests/club/ex01-backgammon.xml.HUFFMAN-BZ2-HPM5
1142	tests/club/ex01-backgammon.xml.FIXED-BZ2-HPM4
1142	tests/club/ex01-backgammon.xml.FIXED-BZ2-HPM5
1155	tests/club/ex01-backgammon.xml.HUFFMAN-HPM4-PPM5
1155	tests/club/ex01-backgammon.xml.HUFFMAN-PPM4-PPM5
1156	tests/club/ex01-backgammon.xml.HUFFMAN-HPM5-PPM5
1156	tests/club/ex01-backgammon.xml.HUFFMAN-PPM5-PPM5
1160	tests/club/ex01-backgammon.xml.HUFFMAN-HPM4-PPM4
1160	tests/club/ex01-backgammon.xml.HUFFMAN-PPM4-PPM4
1161	tests/club/ex01-backgammon.xml.HUFFMAN-HPM5-PPM4
1161	tests/club/ex01-backgammon.xml.HUFFMAN-PPM5-PPM4
1162	tests/club/ex01-backgammon.xml.BYTE-HPM4-PPM5
1162	tests/club/ex01-backgammon.xml.BYTE-HPM5-PPM5
1162	tests/club/ex01-backgammon.xml.BYTE-PPM4-PPM5
1162	tests/club/ex01-backgammon.xml.BYTE-PPM5-PPM5
1164	tests/club/ex01-backgammon.xml.FIXED-HPM4-PPM5
1164	tests/club/ex01-backgammon.xml.FIXED-HPM5-PPM5
1164	tests/club/ex01-backgammon.xml.FIXED-PPM4-PPM5
1164	tests/club/ex01-backgammon.xml.FIXED-PPM5-PPM5
1167	tests/club/ex01-backgammon.xml.BYTE-HPM4-PPM4
1167	tests/club/ex01-backgammon.xml.BYTE-HPM5-PPM4
1167	tests/club/ex01-backgammon.xml.BYTE-PPM4-PPM4
1167	tests/club/ex01-backgammon.xml.BYTE-PPM5-PPM4
1168	tests/club/ex01-backgammon.xml.HUFFMAN-HPM4-LZMA
1168	tests/club/ex01-backgammon.xml.HUFFMAN-PPM4-LZMA
1169	tests/club/ex01-backgammon.xml.FIXED-HPM4-PPM4
1169	tests/club/ex01-backgammon.xml.FIXED-HPM5-PPM4
1169	tests/club/ex01-backgammon.xml.FIXED-PPM4-PPM4
1169	tests/club/ex01-backgammon.xml.FIXED-PPM5-PPM4
1169	tests/club/ex01-backgammon.xml.HUFFMAN-HPM5-LZMA
1169	tests/club/ex01-backgammon.xml.HUFFMAN-PPM5-LZMA
1175	tests/club/ex01-backgammon.xml.BYTE-HPM4-LZMA
1175	tests/club/ex01-backgammon.xml.BYTE-HPM5-LZMA
1175	tests/club/ex01-backgammon.xml.BYTE-PPM4-LZMA
1175	tests/club/ex01-backgammon.xml.BYTE-PPM5-LZMA
1176	tests/club/ex01-backgammon.xml.BYTE-LZMA-PPM5
1177	tests/club/ex01-backgammon.xml.FIXED-HPM4-LZMA
1177	tests/club/ex01-backgammon.xml.FIXED-HPM5-LZMA
1177	tests/club/ex01-backgammon.xml.FIXED-PPM4-LZMA
1177	tests/club/ex01-backgammon.xml.FIXED-PPM5-LZMA
1177	tests/club/ex01-backgammon.xml.HUFFMAN-LZMA-PPM5
1178	tests/club/ex01-backgammon.xml.BYTE-GZ-PPM5
1181	tests/club/ex01-backgammon.xml.BYTE-BZ2-PPM5
1181	tests/club/ex01-backgammon.xml.BYTE-LZMA-PPM4
1182	tests/club/ex01-backgammon.xml.HUFFMAN-LZMA-PPM4
1183	tests/club/ex01-backgammon.xml.BYTE-GZ-PPM4
1184	tests/club/ex01-backgammon.xml.FIXED-LZMA-PPM5
1186	tests/club/ex01-backgammon.xml.BYTE-BZ2-PPM4
1187	tests/club/ex01-backgammon.xml.HUFFMAN-GZ-PPM5
1189	tests/club/ex01-backgammon.xml.BYTE-LZMA-LZMA
1189	tests/club/ex01-backgammon.xml.FIXED-LZMA-PPM4
1189	tests/club/ex01-backgammon.xml.HUFFMAN-NONE-PPM5
1190	tests/club/ex01-backgammon.xml.HUFFMAN-LZMA-LZMA
1191	tests/club/ex01-backgammon.xml.BYTE-GZ-LZMA
1191	tests/club/ex01-backgammon.xml.FIXED-GZ-PPM5
1192	tests/club/ex01-backgammon.xml.HUFFMAN-GZ-PPM4
1193	tests/club/ex01-backgammon.xml.FIXED-NONE-PPM5
1194	tests/club/ex01-backgammon.xml.BYTE-BZ2-LZMA
1194	tests/club/ex01-backgammon.xml.HUFFMAN-NONE-PPM4
1196	tests/club/ex01-backgammon.xml.FIXED-GZ-PPM4
1197	tests/club/ex01-backgammon.xml.FIXED-LZMA-LZMA
1198	tests/club/ex01-backgammon.xml.FIXED-NONE-PPM4
1200	tests/club/ex01-backgammon.xml.HUFFMAN-BZ2-PPM5
1200	tests/club/ex01-backgammon.xml.HUFFMAN-GZ-LZMA
1202	tests/club/ex01-backgammon.xml.HUFFMAN-NONE-LZMA
1204	tests/club/ex01-backgammon.xml.FIXED-GZ-LZMA
1205	tests/club/ex01-backgammon.xml.HUFFMAN-BZ2-PPM4
1206	tests/club/ex01-backgammon.xml.FIXED-NONE-LZMA
1211	tests/club/ex01-backgammon.xml.FIXED-BZ2-PPM5
1213	tests/club/ex01-backgammon.xml.HUFFMAN-BZ2-LZMA
1216	tests/club/ex01-backgammon.xml.FIXED-BZ2-PPM4
1217	tests/club/ex01-backgammon.xml.HUFFMAN-HPM4-BZ2
1217	tests/club/ex01-backgammon.xml.HUFFMAN-PPM4-BZ2
1218	tests/club/ex01-backgammon.xml.HUFFMAN-HPM5-BZ2
1218	tests/club/ex01-backgammon.xml.HUFFMAN-PPM5-BZ2
1224	tests/club/ex01-backgammon.xml.BYTE-HPM4-BZ2
1224	tests/club/ex01-backgammon.xml.BYTE-HPM5-BZ2
1224	tests/club/ex01-backgammon.xml.BYTE-PPM4-BZ2
1224	tests/club/ex01-backgammon.xml.BYTE-PPM5-BZ2
1224	tests/club/ex01-backgammon.xml.FIXED-BZ2-LZMA
1226	tests/club/ex01-backgammon.xml.FIXED-HPM4-BZ2
1226	tests/club/ex01-backgammon.xml.FIXED-HPM5-BZ2
1226	tests/club/ex01-backgammon.xml.FIXED-PPM4-BZ2
1226	tests/club/ex01-backgammon.xml.FIXED-PPM5-BZ2
1229	tests/club/ex01-backgammon.bz2
1238	tests/club/ex01-backgammon.xml.BYTE-LZMA-BZ2
1239	tests/club/ex01-backgammon.xml.HUFFMAN-LZMA-BZ2
1240	tests/club/ex01-backgammon.xml.BYTE-GZ-BZ2
1243	tests/club/ex01-backgammon.xml.BYTE-BZ2-BZ2
1246	tests/club/ex01-backgammon.xml.FIXED-LZMA-BZ2
1249	tests/club/ex01-backgammon.xml.HUFFMAN-GZ-BZ2
1251	tests/club/ex01-backgammon.xml.HUFFMAN-NONE-BZ2
1253	tests/club/ex01-backgammon.xml.FIXED-GZ-BZ2
1255	tests/club/ex01-backgammon.xml.FIXED-NONE-BZ2
1262	tests/club/ex01-backgammon.xml.HUFFMAN-BZ2-BZ2
1262	tests/club/ex01-backgammon.xml.HUFFMAN-HPM4-GZ
1262	tests/club/ex01-backgammon.xml.HUFFMAN-PPM4-GZ
1263	tests/club/ex01-backgammon.xml.HUFFMAN-HPM5-GZ
1263	tests/club/ex01-backgammon.xml.HUFFMAN-PPM5-GZ
1269	tests/club/ex01-backgammon.xml.BYTE-HPM4-GZ
1269	tests/club/ex01-backgammon.xml.BYTE-HPM5-GZ
1269	tests/club/ex01-backgammon.xml.BYTE-PPM4-GZ
1269	tests/club/ex01-backgammon.xml.BYTE-PPM5-GZ
1271	tests/club/ex01-backgammon.xml.FIXED-HPM4-GZ
1271	tests/club/ex01-backgammon.xml.FIXED-HPM5-GZ
1271	tests/club/ex01-backgammon.xml.FIXED-PPM4-GZ
1271	tests/club/ex01-backgammon.xml.FIXED-PPM5-GZ
1273	tests/club/ex01-backgammon.xml.FIXED-BZ2-BZ2
1283	tests/club/ex01-backgammon.xml.BYTE-LZMA-GZ
1284	tests/club/ex01-backgammon.xml.HUFFMAN-LZMA-GZ
1285	tests/club/ex01-backgammon.xml.BYTE-GZ-GZ
1288	tests/club/ex01-backgammon.xml.BYTE-BZ2-GZ
1291	tests/club/ex01-backgammon.xml.FIXED-LZMA-GZ
1294	tests/club/ex01-backgammon.xml.HUFFMAN-GZ-GZ
1296	tests/club/ex01-backgammon.xml.HUFFMAN-NONE-GZ
1298	tests/club/ex01-backgammon.xml.FIXED-GZ-GZ
1300	tests/club/ex01-backgammon.xml.FIXED-NONE-GZ
1307	tests/club/ex01-backgammon.xml.HUFFMAN-BZ2-GZ
1318	tests/club/ex01-backgammon.xml.FIXED-BZ2-GZ
1341	tests/club/ex01-backgammon.gz
1642	tests/club/ex01-backgammon.xml.BYTE-NONE-HPM4
1642	tests/club/ex01-backgammon.xml.BYTE-NONE-HPM5
1711	tests/club/ex01-backgammon.xml.BYTE-NONE-PPM5
1716	tests/club/ex01-backgammon.xml.BYTE-NONE-PPM4
1724	tests/club/ex01-backgammon.xml.BYTE-NONE-LZMA
1773	tests/club/ex01-backgammon.xml.BYTE-NONE-BZ2
1818	tests/club/ex01-backgammon.xml.BYTE-NONE-GZ
3098	tests/club/ex01-backgammon.xml.HUFFMAN-HPM4-NONE
3098	tests/club/ex01-backgammon.xml.HUFFMAN-PPM4-NONE
3099	tests/club/ex01-backgammon.xml.HUFFMAN-HPM5-NONE
3099	tests/club/ex01-backgammon.xml.HUFFMAN-PPM5-NONE
3105	tests/club/ex01-backgammon.xml.BYTE-HPM4-NONE
3105	tests/club/ex01-backgammon.xml.BYTE-HPM5-NONE
3105	tests/club/ex01-backgammon.xml.BYTE-PPM4-NONE
3105	tests/club/ex01-backgammon.xml.BYTE-PPM5-NONE
3107	tests/club/ex01-backgammon.xml.FIXED-HPM4-NONE
3107	tests/club/ex01-backgammon.xml.FIXED-HPM5-NONE
3107	tests/club/ex01-backgammon.xml.FIXED-PPM4-NONE
3107	tests/club/ex01-backgammon.xml.FIXED-PPM5-NONE
3119	tests/club/ex01-backgammon.xml.BYTE-LZMA-NONE
3120	tests/club/ex01-backgammon.xml.HUFFMAN-LZMA-NONE
3121	tests/club/ex01-backgammon.xml.BYTE-GZ-NONE
3124	tests/club/ex01-backgammon.xml.BYTE-BZ2-NONE
3127	tests/club/ex01-backgammon.xml.FIXED-LZMA-NONE
3130	tests/club/ex01-backgammon.xml.HUFFMAN-GZ-NONE
3132	tests/club/ex01-backgammon.xml.HUFFMAN-NONE-NONE
3134	tests/club/ex01-backgammon.xml.FIXED-GZ-NONE
3136	tests/club/ex01-backgammon.xml.FIXED-NONE-NONE
3143	tests/club/ex01-backgammon.xml.HUFFMAN-BZ2-NONE
3154	tests/club/ex01-backgammon.xml.FIXED-BZ2-NONE
3654	tests/club/ex01-backgammon.xml.BYTE-NONE-NONE
8028	tests/club/ex01-backgammon.nbxml
9103	tests/club/ex01-backgammon.xml
19990	tests/club/ex01-backgammon.rnz
