0	tests/actors/ex01-chan.valid
971	tests/actors/ex01-chan.xml.BYTE-HPM5-HPM4
971	tests/actors/ex01-chan.xml.BYTE-HPM5-HPM5
971	tests/actors/ex01-chan.xml.BYTE-PPM5-HPM4
971	tests/actors/ex01-chan.xml.BYTE-PPM5-HPM5
971	tests/actors/ex01-chan.xml.FIXED-HPM4-HPM4
971	tests/actors/ex01-chan.xml.FIXED-HPM4-HPM5
971	tests/actors/ex01-chan.xml.FIXED-HPM5-HPM4
971	tests/actors/ex01-chan.xml.FIXED-HPM5-HPM5
971	tests/actors/ex01-chan.xml.FIXED-PPM4-HPM4
971	tests/actors/ex01-chan.xml.FIXED-PPM4-HPM5
971	tests/actors/ex01-chan.xml.FIXED-PPM5-HPM4
971	tests/actors/ex01-chan.xml.FIXED-PPM5-HPM5
971	tests/actors/ex01-chan.xml.HUFFMAN-HPM4-HPM4
971	tests/actors/ex01-chan.xml.HUFFMAN-HPM4-HPM5
971	tests/actors/ex01-chan.xml.HUFFMAN-HPM5-HPM4
971	tests/actors/ex01-chan.xml.HUFFMAN-HPM5-HPM5
971	tests/actors/ex01-chan.xml.HUFFMAN-PPM4-HPM4
971	tests/actors/ex01-chan.xml.HUFFMAN-PPM4-HPM5
971	tests/actors/ex01-chan.xml.HUFFMAN-PPM5-HPM4
971	tests/actors/ex01-chan.xml.HUFFMAN-PPM5-HPM5
972	tests/actors/ex01-chan.xml.BYTE-HPM4-HPM4
972	tests/actors/ex01-chan.xml.BYTE-HPM4-HPM5
972	tests/actors/ex01-chan.xml.BYTE-PPM4-HPM4
972	tests/actors/ex01-chan.xml.BYTE-PPM4-HPM5
983	tests/actors/ex01-chan.xml.BYTE-LZMA-HPM4
983	tests/actors/ex01-chan.xml.BYTE-LZMA-HPM5
984	tests/actors/ex01-chan.xml.FIXED-LZMA-HPM4
984	tests/actors/ex01-chan.xml.FIXED-LZMA-HPM5
984	tests/actors/ex01-chan.xml.HUFFMAN-LZMA-HPM4
984	tests/actors/ex01-chan.xml.HUFFMAN-LZMA-HPM5
988	tests/actors/ex01-chan.xml.BYTE-GZ-HPM4
988	tests/actors/ex01-chan.xml.BYTE-GZ-HPM5
988	tests/actors/ex01-chan.xml.FIXED-GZ-HPM4
988	tests/actors/ex01-chan.xml.FIXED-GZ-HPM5
988	tests/actors/ex01-chan.xml.HUFFMAN-GZ-HPM4
988	tests/actors/ex01-chan.xml.HUFFMAN-GZ-HPM5
998	tests/actors/ex01-chan.xml.ppm
1003	tests/actors/ex01-chan.xml.BYTE-BZ2-HPM4
1003	tests/actors/ex01-chan.xml.BYTE-BZ2-HPM5
1008	tests/actors/ex01-chan.xml.FIXED-NONE-HPM4
1008	tests/actors/ex01-chan.xml.FIXED-NONE-HPM5
1008	tests/actors/ex01-chan.xml.HUFFMAN-NONE-HPM4
1008	tests/actors/ex01-chan.xml.HUFFMAN-NONE-HPM5
1011	tests/actors/ex01-chan.xml.FIXED-BZ2-HPM4
1011	tests/actors/ex01-chan.xml.FIXED-BZ2-HPM5
1011	tests/actors/ex01-chan.xml.HUFFMAN-BZ2-HPM4
1011	tests/actors/ex01-chan.xml.HUFFMAN-BZ2-HPM5
1027	tests/actors/ex01-chan.xml.BYTE-HPM5-PPM5
1027	tests/actors/ex01-chan.xml.BYTE-PPM5-PPM5
1027	tests/actors/ex01-chan.xml.FIXED-HPM4-PPM5
1027	tests/actors/ex01-chan.xml.FIXED-HPM5-PPM5
1027	tests/actors/ex01-chan.xml.FIXED-PPM4-PPM5
1027	tests/actors/ex01-chan.xml.FIXED-PPM5-PPM5
1027	tests/actors/ex01-chan.xml.HUFFMAN-HPM4-PPM5
1027	tests/actors/ex01-chan.xml.HUFFMAN-HPM5-PPM5
1027	tests/actors/ex01-chan.xml.HUFFMAN-PPM4-PPM5
1027	tests/actors/ex01-chan.xml.HUFFMAN-PPM5-PPM5
1028	tests/actors/ex01-chan.xml.BYTE-HPM4-PPM5
1028	tests/actors/ex01-chan.xml.BYTE-HPM5-PPM4
1028	tests/actors/ex01-chan.xml.BYTE-PPM4-PPM5
1028	tests/actors/ex01-chan.xml.BYTE-PPM5-PPM4
1028	tests/actors/ex01-chan.xml.FIXED-HPM4-PPM4
1028	tests/actors/ex01-chan.xml.FIXED-HPM5-PPM4
1028	tests/actors/ex01-chan.xml.FIXED-PPM4-PPM4
1028	tests/actors/ex01-chan.xml.FIXED-PPM5-PPM4
1028	tests/actors/ex01-chan.xml.HUFFMAN-HPM4-PPM4
1028	tests/actors/ex01-chan.xml.HUFFMAN-HPM5-PPM4
1028	tests/actors/ex01-chan.xml.HUFFMAN-PPM4-PPM4
1028	tests/actors/ex01-chan.xml.HUFFMAN-PPM5-PPM4
1029	tests/actors/ex01-chan.xml.BYTE-HPM4-PPM4
1029	tests/actors/ex01-chan.xml.BYTE-PPM4-PPM4
1039	tests/actors/ex01-chan.xml.BYTE-LZMA-PPM5
1040	tests/actors/ex01-chan.xml.BYTE-LZMA-PPM4
1040	tests/actors/ex01-chan.xml.FIXED-LZMA-PPM5
1040	tests/actors/ex01-chan.xml.HUFFMAN-LZMA-PPM5
1041	tests/actors/ex01-chan.xml.FIXED-LZMA-PPM4
1041	tests/actors/ex01-chan.xml.HUFFMAN-LZMA-PPM4
1044	tests/actors/ex01-chan.xml.BYTE-GZ-PPM5
1044	tests/actors/ex01-chan.xml.FIXED-GZ-PPM5
1044	tests/actors/ex01-chan.xml.HUFFMAN-GZ-PPM5
1045	tests/actors/ex01-chan.xml.BYTE-GZ-PPM4
1045	tests/actors/ex01-chan.xml.FIXED-GZ-PPM4
1045	tests/actors/ex01-chan.xml.HUFFMAN-GZ-PPM4
1059	tests/actors/ex01-chan.xml.BYTE-BZ2-PPM5
1060	tests/actors/ex01-chan.xml.BYTE-BZ2-PPM4
1064	tests/actors/ex01-chan.xml.FIXED-NONE-PPM5
1064	tests/actors/ex01-chan.xml.HUFFMAN-NONE-PPM5
1065	tests/actors/ex01-chan.xml.FIXED-NONE-PPM4
1065	tests/actors/ex01-chan.xml.HUFFMAN-NONE-PPM4
1067	tests/actors/ex01-chan.xml.FIXED-BZ2-PPM5
1067	tests/actors/ex01-chan.xml.HUFFMAN-BZ2-PPM5
1068	tests/actors/ex01-chan.xml.FIXED-BZ2-PPM4
1068	tests/actors/ex01-chan.xml.HUFFMAN-BZ2-PPM4
1093	tests/actors/ex01-chan.xml.BYTE-HPM5-LZMA
1093	tests/actors/ex01-chan.xml.BYTE-PPM5-LZMA
1093	tests/actors/ex01-chan.xml.FIXED-HPM4-LZMA
1093	tests/actors/ex01-chan.xml.FIXED-HPM5-LZMA
1093	tests/actors/ex01-chan.xml.FIXED-PPM4-LZMA
1093	tests/actors/ex01-chan.xml.FIXED-PPM5-LZMA
1093	tests/actors/ex01-chan.xml.HUFFMAN-HPM4-LZMA
1093	tests/actors/ex01-chan.xml.HUFFMAN-HPM5-LZMA
1093	tests/actors/ex01-chan.xml.HUFFMAN-PPM4-LZMA
1093	tests/actors/ex01-chan.xml.HUFFMAN-PPM5-LZMA
1094	tests/actors/ex01-chan.xml.BYTE-HPM4-LZMA
1094	tests/actors/ex01-chan.xml.BYTE-PPM4-LZMA
1105	tests/actors/ex01-chan.xml.BYTE-LZMA-LZMA
1106	tests/actors/ex01-chan.xml.FIXED-LZMA-LZMA
1106	tests/actors/ex01-chan.xml.HUFFMAN-LZMA-LZMA
1107	tests/actors/ex01-chan.xml.BYTE-HPM5-BZ2
1107	tests/actors/ex01-chan.xml.BYTE-PPM5-BZ2
1107	tests/actors/ex01-chan.xml.FIXED-HPM4-BZ2
1107	tests/actors/ex01-chan.xml.FIXED-HPM5-BZ2
1107	tests/actors/ex01-chan.xml.FIXED-PPM4-BZ2
1107	tests/actors/ex01-chan.xml.FIXED-PPM5-BZ2
1107	tests/actors/ex01-chan.xml.HUFFMAN-HPM4-BZ2
1107	tests/actors/ex01-chan.xml.HUFFMAN-HPM5-BZ2
1107	tests/actors/ex01-chan.xml.HUFFMAN-PPM4-BZ2
1107	tests/actors/ex01-chan.xml.HUFFMAN-PPM5-BZ2
1108	tests/actors/ex01-chan.xml.BYTE-HPM4-BZ2
1108	tests/actors/ex01-chan.xml.BYTE-PPM4-BZ2
1110	tests/actors/ex01-chan.xml.BYTE-GZ-LZMA
1110	tests/actors/ex01-chan.xml.FIXED-GZ-LZMA
1110	tests/actors/ex01-chan.xml.HUFFMAN-GZ-LZMA
1119	tests/actors/ex01-chan.xml.BYTE-LZMA-BZ2
1120	tests/actors/ex01-chan.xml.FIXED-LZMA-BZ2
1120	tests/actors/ex01-chan.xml.HUFFMAN-LZMA-BZ2
1124	tests/actors/ex01-chan.xml.BYTE-GZ-BZ2
1124	tests/actors/ex01-chan.xml.FIXED-GZ-BZ2
1124	tests/actors/ex01-chan.xml.HUFFMAN-GZ-BZ2
1125	tests/actors/ex01-chan.xml.BYTE-BZ2-LZMA
1130	tests/actors/ex01-chan.xml.BYTE-HPM5-GZ
1130	tests/actors/ex01-chan.xml.BYTE-PPM5-GZ
1130	tests/actors/ex01-chan.xml.FIXED-HPM4-GZ
1130	tests/actors/ex01-chan.xml.FIXED-HPM5-GZ
1130	tests/actors/ex01-chan.xml.FIXED-NONE-LZMA
1130	tests/actors/ex01-chan.xml.FIXED-PPM4-GZ
1130	tests/actors/ex01-chan.xml.FIXED-PPM5-GZ
1130	tests/actors/ex01-chan.xml.HUFFMAN-HPM4-GZ
1130	tests/actors/ex01-chan.xml.HUFFMAN-HPM5-GZ
1130	tests/actors/ex01-chan.xml.HUFFMAN-NONE-LZMA
1130	tests/actors/ex01-chan.xml.HUFFMAN-PPM4-GZ
1130	tests/actors/ex01-chan.xml.HUFFMAN-PPM5-GZ
1131	tests/actors/ex01-chan.xml.BYTE-HPM4-GZ
1131	tests/actors/ex01-chan.xml.BYTE-PPM4-GZ
1133	tests/actors/ex01-chan.xml.FIXED-BZ2-LZMA
1133	tests/actors/ex01-chan.xml.HUFFMAN-BZ2-LZMA
1139	tests/actors/ex01-chan.xml.BYTE-BZ2-BZ2
1142	tests/actors/ex01-chan.xml.BYTE-LZMA-GZ
1143	tests/actors/ex01-chan.xml.FIXED-LZMA-GZ
1143	tests/actors/ex01-chan.xml.HUFFMAN-LZMA-GZ
1144	tests/actors/ex01-chan.xml.FIXED-NONE-BZ2
1144	tests/actors/ex01-chan.xml.HUFFMAN-NONE-BZ2
1147	tests/actors/ex01-chan.xml.BYTE-GZ-GZ
1147	tests/actors/ex01-chan.xml.FIXED-BZ2-BZ2
1147	tests/actors/ex01-chan.xml.FIXED-GZ-GZ
1147	tests/actors/ex01-chan.xml.HUFFMAN-BZ2-BZ2
1147	tests/actors/ex01-chan.xml.HUFFMAN-GZ-GZ
1162	tests/actors/ex01-chan.xml.BYTE-BZ2-GZ
1167	tests/actors/ex01-chan.xml.FIXED-NONE-GZ
1167	tests/actors/ex01-chan.xml.HUFFMAN-NONE-GZ
1170	tests/actors/ex01-chan.xml.FIXED-BZ2-GZ
1170	tests/actors/ex01-chan.xml.HUFFMAN-BZ2-GZ
1244	tests/actors/ex01-chan.xml.bz2
1312	tests/actors/ex01-chan.xml.gz
1350	tests/actors/ex01-chan.xml.BYTE-NONE-HPM4
1350	tests/actors/ex01-chan.xml.BYTE-NONE-HPM5
1406	tests/actors/ex01-chan.xml.BYTE-NONE-PPM5
1407	tests/actors/ex01-chan.xml.BYTE-NONE-PPM4
1472	tests/actors/ex01-chan.xml.BYTE-NONE-LZMA
1486	tests/actors/ex01-chan.xml.BYTE-NONE-BZ2
1509	tests/actors/ex01-chan.xml.BYTE-NONE-GZ
1984	tests/actors/ex01-chan.xml.BYTE-HPM5-NONE
1984	tests/actors/ex01-chan.xml.BYTE-PPM5-NONE
1984	tests/actors/ex01-chan.xml.FIXED-HPM4-NONE
1984	tests/actors/ex01-chan.xml.FIXED-HPM5-NONE
1984	tests/actors/ex01-chan.xml.FIXED-PPM4-NONE
1984	tests/actors/ex01-chan.xml.FIXED-PPM5-NONE
1984	tests/actors/ex01-chan.xml.HUFFMAN-HPM4-NONE
1984	tests/actors/ex01-chan.xml.HUFFMAN-HPM5-NONE
1984	tests/actors/ex01-chan.xml.HUFFMAN-PPM4-NONE
1984	tests/actors/ex01-chan.xml.HUFFMAN-PPM5-NONE
1985	tests/actors/ex01-chan.xml.BYTE-HPM4-NONE
1985	tests/actors/ex01-chan.xml.BYTE-PPM4-NONE
1996	tests/actors/ex01-chan.xml.BYTE-LZMA-NONE
1997	tests/actors/ex01-chan.xml.FIXED-LZMA-NONE
1997	tests/actors/ex01-chan.xml.HUFFMAN-LZMA-NONE
2001	tests/actors/ex01-chan.xml.BYTE-GZ-NONE
2001	tests/actors/ex01-chan.xml.FIXED-GZ-NONE
2001	tests/actors/ex01-chan.xml.HUFFMAN-GZ-NONE
2016	tests/actors/ex01-chan.xml.BYTE-BZ2-NONE
2021	tests/actors/ex01-chan.xml.FIXED-NONE-NONE
2021	tests/actors/ex01-chan.xml.HUFFMAN-NONE-NONE
2024	tests/actors/ex01-chan.xml.FIXED-BZ2-NONE
2024	tests/actors/ex01-chan.xml.HUFFMAN-BZ2-NONE
2363	tests/actors/ex01-chan.xml.BYTE-NONE-NONE
5369	tests/actors/ex01-chan.xml.nb
7875	tests/actors/ex01-chan.xml
9358	tests/actors/ex01-chan.summary
18455	tests/actors/ex01-chan.rnz
