0	tests/actors/ex01-chan.valid
970	tests/actors/ex01-chan.xml.BYTE-HPM5-HPM5
970	tests/actors/ex01-chan.xml.BYTE-PPM5-HPM5
970	tests/actors/ex01-chan.xml.FIXED-HPM4-HPM5
970	tests/actors/ex01-chan.xml.FIXED-HPM5-HPM5
970	tests/actors/ex01-chan.xml.FIXED-PPM4-HPM5
970	tests/actors/ex01-chan.xml.FIXED-PPM5-HPM5
970	tests/actors/ex01-chan.xml.HUFFMAN-HPM4-HPM5
970	tests/actors/ex01-chan.xml.HUFFMAN-HPM5-HPM5
970	tests/actors/ex01-chan.xml.HUFFMAN-PPM4-HPM5
970	tests/actors/ex01-chan.xml.HUFFMAN-PPM5-HPM5
971	tests/actors/ex01-chan.xml.BYTE-HPM4-HPM5
971	tests/actors/ex01-chan.xml.BYTE-HPM5-HPM4
971	tests/actors/ex01-chan.xml.BYTE-PPM4-HPM5
971	tests/actors/ex01-chan.xml.BYTE-PPM5-HPM4
971	tests/actors/ex01-chan.xml.FIXED-HPM4-HPM4
971	tests/actors/ex01-chan.xml.FIXED-HPM5-HPM4
971	tests/actors/ex01-chan.xml.FIXED-PPM4-HPM4
971	tests/actors/ex01-chan.xml.FIXED-PPM5-HPM4
971	tests/actors/ex01-chan.xml.HUFFMAN-HPM4-HPM4
971	tests/actors/ex01-chan.xml.HUFFMAN-HPM5-HPM4
971	tests/actors/ex01-chan.xml.HUFFMAN-PPM4-HPM4
971	tests/actors/ex01-chan.xml.HUFFMAN-PPM5-HPM4
972	tests/actors/ex01-chan.xml.BYTE-HPM4-HPM4
972	tests/actors/ex01-chan.xml.BYTE-PPM4-HPM4
982	tests/actors/ex01-chan.xml.BYTE-LZMA-HPM5
983	tests/actors/ex01-chan.xml.BYTE-LZMA-HPM4
983	tests/actors/ex01-chan.xml.FIXED-LZMA-HPM5
983	tests/actors/ex01-chan.xml.HUFFMAN-LZMA-HPM5
984	tests/actors/ex01-chan.xml.FIXED-LZMA-HPM4
984	tests/actors/ex01-chan.xml.HUFFMAN-LZMA-HPM4
987	tests/actors/ex01-chan.xml.BYTE-GZ-HPM5
987	tests/actors/ex01-chan.xml.FIXED-GZ-HPM5
987	tests/actors/ex01-chan.xml.HUFFMAN-GZ-HPM5
988	tests/actors/ex01-chan.xml.BYTE-GZ-HPM4
988	tests/actors/ex01-chan.xml.FIXED-GZ-HPM4
988	tests/actors/ex01-chan.xml.HUFFMAN-GZ-HPM4
998	tests/actors/ex01-chan.xppm
1002	tests/actors/ex01-chan.xml.BYTE-BZ2-HPM5
1003	tests/actors/ex01-chan.xml.BYTE-BZ2-HPM4
1007	tests/actors/ex01-chan.xml.FIXED-NONE-HPM5
1007	tests/actors/ex01-chan.xml.HUFFMAN-NONE-HPM5
1008	tests/actors/ex01-chan.xml.FIXED-NONE-HPM4
1008	tests/actors/ex01-chan.xml.HUFFMAN-NONE-HPM4
1010	tests/actors/ex01-chan.xml.FIXED-BZ2-HPM5
1010	tests/actors/ex01-chan.xml.HUFFMAN-BZ2-HPM5
1011	tests/actors/ex01-chan.xml.FIXED-BZ2-HPM4
1011	tests/actors/ex01-chan.xml.HUFFMAN-BZ2-HPM4
1028	tests/actors/ex01-chan.xml.BYTE-HPM5-PPM4
1028	tests/actors/ex01-chan.xml.BYTE-HPM5-PPM5
1028	tests/actors/ex01-chan.xml.BYTE-PPM5-PPM4
1028	tests/actors/ex01-chan.xml.BYTE-PPM5-PPM5
1028	tests/actors/ex01-chan.xml.FIXED-HPM4-PPM4
1028	tests/actors/ex01-chan.xml.FIXED-HPM4-PPM5
1028	tests/actors/ex01-chan.xml.FIXED-HPM5-PPM4
1028	tests/actors/ex01-chan.xml.FIXED-HPM5-PPM5
1028	tests/actors/ex01-chan.xml.FIXED-PPM4-PPM4
1028	tests/actors/ex01-chan.xml.FIXED-PPM4-PPM5
1028	tests/actors/ex01-chan.xml.FIXED-PPM5-PPM4
1028	tests/actors/ex01-chan.xml.FIXED-PPM5-PPM5
1028	tests/actors/ex01-chan.xml.HUFFMAN-HPM4-PPM4
1028	tests/actors/ex01-chan.xml.HUFFMAN-HPM4-PPM5
1028	tests/actors/ex01-chan.xml.HUFFMAN-HPM5-PPM4
1028	tests/actors/ex01-chan.xml.HUFFMAN-HPM5-PPM5
1028	tests/actors/ex01-chan.xml.HUFFMAN-PPM4-PPM4
1028	tests/actors/ex01-chan.xml.HUFFMAN-PPM4-PPM5
1028	tests/actors/ex01-chan.xml.HUFFMAN-PPM5-PPM4
1028	tests/actors/ex01-chan.xml.HUFFMAN-PPM5-PPM5
1029	tests/actors/ex01-chan.xml.BYTE-HPM4-PPM4
1029	tests/actors/ex01-chan.xml.BYTE-HPM4-PPM5
1029	tests/actors/ex01-chan.xml.BYTE-PPM4-PPM4
1029	tests/actors/ex01-chan.xml.BYTE-PPM4-PPM5
1040	tests/actors/ex01-chan.xml.BYTE-LZMA-PPM4
1040	tests/actors/ex01-chan.xml.BYTE-LZMA-PPM5
1041	tests/actors/ex01-chan.xml.FIXED-LZMA-PPM4
1041	tests/actors/ex01-chan.xml.FIXED-LZMA-PPM5
1041	tests/actors/ex01-chan.xml.HUFFMAN-LZMA-PPM4
1041	tests/actors/ex01-chan.xml.HUFFMAN-LZMA-PPM5
1045	tests/actors/ex01-chan.xml.BYTE-GZ-PPM4
1045	tests/actors/ex01-chan.xml.BYTE-GZ-PPM5
1045	tests/actors/ex01-chan.xml.FIXED-GZ-PPM4
1045	tests/actors/ex01-chan.xml.FIXED-GZ-PPM5
1045	tests/actors/ex01-chan.xml.HUFFMAN-GZ-PPM4
1045	tests/actors/ex01-chan.xml.HUFFMAN-GZ-PPM5
1060	tests/actors/ex01-chan.xml.BYTE-BZ2-PPM4
1060	tests/actors/ex01-chan.xml.BYTE-BZ2-PPM5
1065	tests/actors/ex01-chan.xml.FIXED-NONE-PPM4
1065	tests/actors/ex01-chan.xml.FIXED-NONE-PPM5
1065	tests/actors/ex01-chan.xml.HUFFMAN-NONE-PPM4
1065	tests/actors/ex01-chan.xml.HUFFMAN-NONE-PPM5
1068	tests/actors/ex01-chan.xml.FIXED-BZ2-PPM4
1068	tests/actors/ex01-chan.xml.FIXED-BZ2-PPM5
1068	tests/actors/ex01-chan.xml.HUFFMAN-BZ2-PPM4
1068	tests/actors/ex01-chan.xml.HUFFMAN-BZ2-PPM5
1092	tests/actors/ex01-chan.xml.BYTE-HPM5-LZMA
1092	tests/actors/ex01-chan.xml.BYTE-PPM5-LZMA
1092	tests/actors/ex01-chan.xml.FIXED-HPM4-LZMA
1092	tests/actors/ex01-chan.xml.FIXED-HPM5-LZMA
1092	tests/actors/ex01-chan.xml.FIXED-PPM4-LZMA
1092	tests/actors/ex01-chan.xml.FIXED-PPM5-LZMA
1092	tests/actors/ex01-chan.xml.HUFFMAN-HPM4-LZMA
1092	tests/actors/ex01-chan.xml.HUFFMAN-HPM5-LZMA
1092	tests/actors/ex01-chan.xml.HUFFMAN-PPM4-LZMA
1092	tests/actors/ex01-chan.xml.HUFFMAN-PPM5-LZMA
1093	tests/actors/ex01-chan.xml.BYTE-HPM4-LZMA
1093	tests/actors/ex01-chan.xml.BYTE-PPM4-LZMA
1104	tests/actors/ex01-chan.xml.BYTE-LZMA-LZMA
1105	tests/actors/ex01-chan.xml.FIXED-LZMA-LZMA
1105	tests/actors/ex01-chan.xml.HUFFMAN-LZMA-LZMA
1109	tests/actors/ex01-chan.xml.BYTE-GZ-LZMA
1109	tests/actors/ex01-chan.xml.FIXED-GZ-LZMA
1109	tests/actors/ex01-chan.xml.HUFFMAN-GZ-LZMA
1124	tests/actors/ex01-chan.xml.BYTE-BZ2-LZMA
1126	tests/actors/ex01-chan.xml.BYTE-HPM5-BZ2
1126	tests/actors/ex01-chan.xml.BYTE-PPM5-BZ2
1126	tests/actors/ex01-chan.xml.FIXED-HPM4-BZ2
1126	tests/actors/ex01-chan.xml.FIXED-HPM5-BZ2
1126	tests/actors/ex01-chan.xml.FIXED-PPM4-BZ2
1126	tests/actors/ex01-chan.xml.FIXED-PPM5-BZ2
1126	tests/actors/ex01-chan.xml.HUFFMAN-HPM4-BZ2
1126	tests/actors/ex01-chan.xml.HUFFMAN-HPM5-BZ2
1126	tests/actors/ex01-chan.xml.HUFFMAN-PPM4-BZ2
1126	tests/actors/ex01-chan.xml.HUFFMAN-PPM5-BZ2
1127	tests/actors/ex01-chan.xml.BYTE-HPM4-BZ2
1127	tests/actors/ex01-chan.xml.BYTE-PPM4-BZ2
1129	tests/actors/ex01-chan.xml.FIXED-NONE-LZMA
1129	tests/actors/ex01-chan.xml.HUFFMAN-NONE-LZMA
1130	tests/actors/ex01-chan.xml.BYTE-HPM5-GZ
1130	tests/actors/ex01-chan.xml.BYTE-PPM5-GZ
1130	tests/actors/ex01-chan.xml.FIXED-HPM4-GZ
1130	tests/actors/ex01-chan.xml.FIXED-HPM5-GZ
1130	tests/actors/ex01-chan.xml.FIXED-PPM4-GZ
1130	tests/actors/ex01-chan.xml.FIXED-PPM5-GZ
1130	tests/actors/ex01-chan.xml.HUFFMAN-HPM4-GZ
1130	tests/actors/ex01-chan.xml.HUFFMAN-HPM5-GZ
1130	tests/actors/ex01-chan.xml.HUFFMAN-PPM4-GZ
1130	tests/actors/ex01-chan.xml.HUFFMAN-PPM5-GZ
1131	tests/actors/ex01-chan.xml.BYTE-HPM4-GZ
1131	tests/actors/ex01-chan.xml.BYTE-PPM4-GZ
1132	tests/actors/ex01-chan.xml.FIXED-BZ2-LZMA
1132	tests/actors/ex01-chan.xml.HUFFMAN-BZ2-LZMA
1138	tests/actors/ex01-chan.xml.BYTE-LZMA-BZ2
1139	tests/actors/ex01-chan.xml.FIXED-LZMA-BZ2
1139	tests/actors/ex01-chan.xml.HUFFMAN-LZMA-BZ2
1142	tests/actors/ex01-chan.xml.BYTE-LZMA-GZ
1143	tests/actors/ex01-chan.xml.BYTE-GZ-BZ2
1143	tests/actors/ex01-chan.xml.FIXED-GZ-BZ2
1143	tests/actors/ex01-chan.xml.FIXED-LZMA-GZ
1143	tests/actors/ex01-chan.xml.HUFFMAN-GZ-BZ2
1143	tests/actors/ex01-chan.xml.HUFFMAN-LZMA-GZ
1147	tests/actors/ex01-chan.xml.BYTE-GZ-GZ
1147	tests/actors/ex01-chan.xml.FIXED-GZ-GZ
1147	tests/actors/ex01-chan.xml.HUFFMAN-GZ-GZ
1158	tests/actors/ex01-chan.xml.BYTE-BZ2-BZ2
1162	tests/actors/ex01-chan.xml.BYTE-BZ2-GZ
1163	tests/actors/ex01-chan.xml.FIXED-NONE-BZ2
1163	tests/actors/ex01-chan.xml.HUFFMAN-NONE-BZ2
1166	tests/actors/ex01-chan.xml.FIXED-BZ2-BZ2
1166	tests/actors/ex01-chan.xml.HUFFMAN-BZ2-BZ2
1167	tests/actors/ex01-chan.xml.FIXED-NONE-GZ
1167	tests/actors/ex01-chan.xml.HUFFMAN-NONE-GZ
1170	tests/actors/ex01-chan.xml.FIXED-BZ2-GZ
1170	tests/actors/ex01-chan.xml.HUFFMAN-BZ2-GZ
1244	tests/actors/ex01-chan.bz2
1311	tests/actors/ex01-chan.gz
1349	tests/actors/ex01-chan.xml.BYTE-NONE-HPM5
1350	tests/actors/ex01-chan.xml.BYTE-NONE-HPM4
1407	tests/actors/ex01-chan.xml.BYTE-NONE-PPM4
1407	tests/actors/ex01-chan.xml.BYTE-NONE-PPM5
1471	tests/actors/ex01-chan.xml.BYTE-NONE-LZMA
1505	tests/actors/ex01-chan.xml.BYTE-NONE-BZ2
1509	tests/actors/ex01-chan.xml.BYTE-NONE-GZ
1985	tests/actors/ex01-chan.xml.BYTE-HPM5-NONE
1985	tests/actors/ex01-chan.xml.BYTE-PPM5-NONE
1985	tests/actors/ex01-chan.xml.FIXED-HPM4-NONE
1985	tests/actors/ex01-chan.xml.FIXED-HPM5-NONE
1985	tests/actors/ex01-chan.xml.FIXED-PPM4-NONE
1985	tests/actors/ex01-chan.xml.FIXED-PPM5-NONE
1985	tests/actors/ex01-chan.xml.HUFFMAN-HPM4-NONE
1985	tests/actors/ex01-chan.xml.HUFFMAN-HPM5-NONE
1985	tests/actors/ex01-chan.xml.HUFFMAN-PPM4-NONE
1985	tests/actors/ex01-chan.xml.HUFFMAN-PPM5-NONE
1986	tests/actors/ex01-chan.xml.BYTE-HPM4-NONE
1986	tests/actors/ex01-chan.xml.BYTE-PPM4-NONE
1997	tests/actors/ex01-chan.xml.BYTE-LZMA-NONE
1998	tests/actors/ex01-chan.xml.FIXED-LZMA-NONE
1998	tests/actors/ex01-chan.xml.HUFFMAN-LZMA-NONE
2002	tests/actors/ex01-chan.xml.BYTE-GZ-NONE
2002	tests/actors/ex01-chan.xml.FIXED-GZ-NONE
2002	tests/actors/ex01-chan.xml.HUFFMAN-GZ-NONE
2017	tests/actors/ex01-chan.xml.BYTE-BZ2-NONE
2022	tests/actors/ex01-chan.xml.FIXED-NONE-NONE
2022	tests/actors/ex01-chan.xml.HUFFMAN-NONE-NONE
2025	tests/actors/ex01-chan.xml.FIXED-BZ2-NONE
2025	tests/actors/ex01-chan.xml.HUFFMAN-BZ2-NONE
2364	tests/actors/ex01-chan.xml.BYTE-NONE-NONE
5369	tests/actors/ex01-chan.nbxml
7875	tests/actors/ex01-chan.xml
18456	tests/actors/ex01-chan.rnz
