0	tests/actors/ex01-chan.valid
969	tests/actors/ex01-chan.xml.FIXED-PPM5-HPM5
969	tests/actors/ex01-chan.xml.HUFFMAN-PPM5-HPM5
971	tests/actors/ex01-chan.xml.BYTE-PPM5-HPM5
977	tests/actors/ex01-chan.xml.BYTE-LZMA-HPM5
977	tests/actors/ex01-chan.xml.FIXED-LZMA-HPM5
977	tests/actors/ex01-chan.xml.HUFFMAN-LZMA-HPM5
987	tests/actors/ex01-chan.xml.FIXED-GZ-HPM5
987	tests/actors/ex01-chan.xml.HUFFMAN-GZ-HPM5
989	tests/actors/ex01-chan.xml.BYTE-GZ-HPM5
998	tests/actors/ex01-chan.xml.ppm
999	tests/actors/ex01-chan.xml.BYTE-BZ2-HPM5
1007	tests/actors/ex01-chan.xml.FIXED-NONE-HPM5
1007	tests/actors/ex01-chan.xml.HUFFMAN-NONE-HPM5
1009	tests/actors/ex01-chan.xml.FIXED-BZ2-HPM5
1009	tests/actors/ex01-chan.xml.HUFFMAN-BZ2-HPM5
1027	tests/actors/ex01-chan.xml.FIXED-PPM5-PPM5
1027	tests/actors/ex01-chan.xml.HUFFMAN-PPM5-PPM5
1029	tests/actors/ex01-chan.xml.BYTE-PPM5-PPM5
1035	tests/actors/ex01-chan.xml.BYTE-LZMA-PPM5
1035	tests/actors/ex01-chan.xml.FIXED-LZMA-PPM5
1035	tests/actors/ex01-chan.xml.HUFFMAN-LZMA-PPM5
1045	tests/actors/ex01-chan.xml.FIXED-GZ-PPM5
1045	tests/actors/ex01-chan.xml.HUFFMAN-GZ-PPM5
1047	tests/actors/ex01-chan.xml.BYTE-GZ-PPM5
1057	tests/actors/ex01-chan.xml.BYTE-BZ2-PPM5
1065	tests/actors/ex01-chan.xml.FIXED-NONE-PPM5
1065	tests/actors/ex01-chan.xml.HUFFMAN-NONE-PPM5
1067	tests/actors/ex01-chan.xml.FIXED-BZ2-PPM5
1067	tests/actors/ex01-chan.xml.HUFFMAN-BZ2-PPM5
1086	tests/actors/ex01-chan.xml.FIXED-PPM5-LZMA
1086	tests/actors/ex01-chan.xml.HUFFMAN-PPM5-LZMA
1088	tests/actors/ex01-chan.xml.BYTE-PPM5-LZMA
1094	tests/actors/ex01-chan.xml.BYTE-LZMA-LZMA
1094	tests/actors/ex01-chan.xml.FIXED-LZMA-LZMA
1094	tests/actors/ex01-chan.xml.HUFFMAN-LZMA-LZMA
1104	tests/actors/ex01-chan.xml.FIXED-GZ-LZMA
1104	tests/actors/ex01-chan.xml.HUFFMAN-GZ-LZMA
1106	tests/actors/ex01-chan.xml.BYTE-GZ-LZMA
1116	tests/actors/ex01-chan.xml.BYTE-BZ2-LZMA
1124	tests/actors/ex01-chan.xml.FIXED-NONE-LZMA
1124	tests/actors/ex01-chan.xml.HUFFMAN-NONE-LZMA
1125	tests/actors/ex01-chan.xml.FIXED-PPM5-BZ2
1125	tests/actors/ex01-chan.xml.HUFFMAN-PPM5-BZ2
1126	tests/actors/ex01-chan.xml.FIXED-BZ2-LZMA
1126	tests/actors/ex01-chan.xml.HUFFMAN-BZ2-LZMA
1127	tests/actors/ex01-chan.xml.BYTE-PPM5-BZ2
1129	tests/actors/ex01-chan.xml.FIXED-PPM5-GZ
1129	tests/actors/ex01-chan.xml.HUFFMAN-PPM5-GZ
1131	tests/actors/ex01-chan.xml.BYTE-PPM5-GZ
1133	tests/actors/ex01-chan.xml.BYTE-LZMA-BZ2
1133	tests/actors/ex01-chan.xml.FIXED-LZMA-BZ2
1133	tests/actors/ex01-chan.xml.HUFFMAN-LZMA-BZ2
1137	tests/actors/ex01-chan.xml.BYTE-LZMA-GZ
1137	tests/actors/ex01-chan.xml.FIXED-LZMA-GZ
1137	tests/actors/ex01-chan.xml.HUFFMAN-LZMA-GZ
1143	tests/actors/ex01-chan.xml.FIXED-GZ-BZ2
1143	tests/actors/ex01-chan.xml.HUFFMAN-GZ-BZ2
1145	tests/actors/ex01-chan.xml.BYTE-GZ-BZ2
1147	tests/actors/ex01-chan.xml.FIXED-GZ-GZ
1147	tests/actors/ex01-chan.xml.HUFFMAN-GZ-GZ
1149	tests/actors/ex01-chan.xml.BYTE-GZ-GZ
1155	tests/actors/ex01-chan.xml.BYTE-BZ2-BZ2
1159	tests/actors/ex01-chan.xml.BYTE-BZ2-GZ
1163	tests/actors/ex01-chan.xml.FIXED-NONE-BZ2
1163	tests/actors/ex01-chan.xml.HUFFMAN-NONE-BZ2
1165	tests/actors/ex01-chan.xml.FIXED-BZ2-BZ2
1165	tests/actors/ex01-chan.xml.HUFFMAN-BZ2-BZ2
1167	tests/actors/ex01-chan.xml.FIXED-NONE-GZ
1167	tests/actors/ex01-chan.xml.HUFFMAN-NONE-GZ
1169	tests/actors/ex01-chan.xml.FIXED-BZ2-GZ
1169	tests/actors/ex01-chan.xml.HUFFMAN-BZ2-GZ
1244	tests/actors/ex01-chan.xml.bz2
1312	tests/actors/ex01-chan.xml.gz
1348	tests/actors/ex01-chan.xml.BYTE-NONE-HPM5
1406	tests/actors/ex01-chan.xml.BYTE-NONE-PPM5
1465	tests/actors/ex01-chan.xml.BYTE-NONE-LZMA
1504	tests/actors/ex01-chan.xml.BYTE-NONE-BZ2
1508	tests/actors/ex01-chan.xml.BYTE-NONE-GZ
1985	tests/actors/ex01-chan.xml.BYTE-PPM5-NONE
1985	tests/actors/ex01-chan.xml.FIXED-PPM5-NONE
1985	tests/actors/ex01-chan.xml.HUFFMAN-PPM5-NONE
1992	tests/actors/ex01-chan.xml.BYTE-LZMA-NONE
1993	tests/actors/ex01-chan.xml.FIXED-LZMA-NONE
1993	tests/actors/ex01-chan.xml.HUFFMAN-LZMA-NONE
2002	tests/actors/ex01-chan.xml.BYTE-GZ-NONE
2002	tests/actors/ex01-chan.xml.FIXED-GZ-NONE
2002	tests/actors/ex01-chan.xml.HUFFMAN-GZ-NONE
2017	tests/actors/ex01-chan.xml.BYTE-BZ2-NONE
2022	tests/actors/ex01-chan.xml.FIXED-NONE-NONE
2022	tests/actors/ex01-chan.xml.HUFFMAN-NONE-NONE
2025	tests/actors/ex01-chan.xml.FIXED-BZ2-NONE
2025	tests/actors/ex01-chan.xml.HUFFMAN-BZ2-NONE
2364	tests/actors/ex01-chan.xml.BYTE-NONE-NONE
5369	tests/actors/ex01-chan.xml.nb
7239	tests/actors/ex01-chan.rnz
7875	tests/actors/ex01-chan.xml
