0	tests/entrezgene/ex01-darc.summary
0	tests/entrezgene/ex01-darc.valid
3328	tests/entrezgene/ex01-darc.xml.BYTE-GZ-HPM5
3337	tests/entrezgene/ex01-darc.xml.BYTE-LZMA-HPM5
3378	tests/entrezgene/ex01-darc.xml.BYTE-BZ2-HPM5
3396	tests/entrezgene/ex01-darc.xml.BYTE-GZ-LZMA
3405	tests/entrezgene/ex01-darc.xml.BYTE-LZMA-LZMA
3416	tests/entrezgene/ex01-darc.xml.FIXED-PPM5-HPM5
3421	tests/entrezgene/ex01-darc.xml.BYTE-PPM5-HPM5
3427	tests/entrezgene/ex01-darc.xml.FIXED-LZMA-HPM5
3437	tests/entrezgene/ex01-darc.xml.FIXED-GZ-HPM5
3446	tests/entrezgene/ex01-darc.xml.BYTE-BZ2-LZMA
3450	tests/entrezgene/ex01-darc.xml.HUFFMAN-PPM5-HPM5
3457	tests/entrezgene/ex01-darc.xml.HUFFMAN-LZMA-HPM5
3475	tests/entrezgene/ex01-darc.xml.HUFFMAN-GZ-HPM5
3483	tests/entrezgene/ex01-darc.xml.HUFFMAN-NONE-HPM5
3484	tests/entrezgene/ex01-darc.xml.FIXED-PPM5-LZMA
3489	tests/entrezgene/ex01-darc.xml.BYTE-PPM5-LZMA
3495	tests/entrezgene/ex01-darc.xml.FIXED-LZMA-LZMA
3505	tests/entrezgene/ex01-darc.xml.FIXED-GZ-LZMA
3518	tests/entrezgene/ex01-darc.xml.HUFFMAN-PPM5-LZMA
3525	tests/entrezgene/ex01-darc.xml.HUFFMAN-LZMA-LZMA
3540	tests/entrezgene/ex01-darc.xml.BYTE-GZ-PPM5
3543	tests/entrezgene/ex01-darc.xml.HUFFMAN-GZ-LZMA
3549	tests/entrezgene/ex01-darc.xml.BYTE-LZMA-PPM5
3551	tests/entrezgene/ex01-darc.xml.HUFFMAN-NONE-LZMA
3588	tests/entrezgene/ex01-darc.xml.HUFFMAN-BZ2-HPM5
3590	tests/entrezgene/ex01-darc.xml.BYTE-BZ2-PPM5
3621	tests/entrezgene/ex01-darc.xml.ppm
3628	tests/entrezgene/ex01-darc.xml.FIXED-PPM5-PPM5
3633	tests/entrezgene/ex01-darc.xml.BYTE-PPM5-PPM5
3639	tests/entrezgene/ex01-darc.xml.FIXED-LZMA-PPM5
3640	tests/entrezgene/ex01-darc.xml.FIXED-BZ2-HPM5
3649	tests/entrezgene/ex01-darc.xml.FIXED-GZ-PPM5
3656	tests/entrezgene/ex01-darc.xml.HUFFMAN-BZ2-LZMA
3662	tests/entrezgene/ex01-darc.xml.HUFFMAN-PPM5-PPM5
3669	tests/entrezgene/ex01-darc.xml.HUFFMAN-LZMA-PPM5
3673	tests/entrezgene/ex01-darc.xml.BYTE-GZ-GZ
3682	tests/entrezgene/ex01-darc.xml.BYTE-LZMA-GZ
3687	tests/entrezgene/ex01-darc.xml.HUFFMAN-GZ-PPM5
3695	tests/entrezgene/ex01-darc.xml.HUFFMAN-NONE-PPM5
3708	tests/entrezgene/ex01-darc.xml.FIXED-BZ2-LZMA
3723	tests/entrezgene/ex01-darc.xml.BYTE-BZ2-GZ
3739	tests/entrezgene/ex01-darc.xml.FIXED-NONE-HPM5
3761	tests/entrezgene/ex01-darc.xml.FIXED-PPM5-GZ
3762	tests/entrezgene/ex01-darc.xml.BYTE-GZ-BZ2
3766	tests/entrezgene/ex01-darc.xml.BYTE-PPM5-GZ
3771	tests/entrezgene/ex01-darc.xml.BYTE-LZMA-BZ2
3772	tests/entrezgene/ex01-darc.xml.FIXED-LZMA-GZ
3782	tests/entrezgene/ex01-darc.xml.FIXED-GZ-GZ
3795	tests/entrezgene/ex01-darc.xml.HUFFMAN-PPM5-GZ
3800	tests/entrezgene/ex01-darc.xml.HUFFMAN-BZ2-PPM5
3802	tests/entrezgene/ex01-darc.xml.HUFFMAN-LZMA-GZ
3807	tests/entrezgene/ex01-darc.xml.FIXED-NONE-LZMA
3812	tests/entrezgene/ex01-darc.xml.BYTE-BZ2-BZ2
3820	tests/entrezgene/ex01-darc.xml.HUFFMAN-GZ-GZ
3828	tests/entrezgene/ex01-darc.xml.HUFFMAN-NONE-GZ
3850	tests/entrezgene/ex01-darc.xml.FIXED-PPM5-BZ2
3852	tests/entrezgene/ex01-darc.xml.FIXED-BZ2-PPM5
3855	tests/entrezgene/ex01-darc.xml.BYTE-PPM5-BZ2
3861	tests/entrezgene/ex01-darc.xml.FIXED-LZMA-BZ2
3871	tests/entrezgene/ex01-darc.xml.FIXED-GZ-BZ2
3884	tests/entrezgene/ex01-darc.xml.HUFFMAN-PPM5-BZ2
3891	tests/entrezgene/ex01-darc.xml.HUFFMAN-LZMA-BZ2
3909	tests/entrezgene/ex01-darc.xml.HUFFMAN-GZ-BZ2
3917	tests/entrezgene/ex01-darc.xml.HUFFMAN-NONE-BZ2
3933	tests/entrezgene/ex01-darc.xml.HUFFMAN-BZ2-GZ
3951	tests/entrezgene/ex01-darc.xml.FIXED-NONE-PPM5
3985	tests/entrezgene/ex01-darc.xml.FIXED-BZ2-GZ
4022	tests/entrezgene/ex01-darc.xml.HUFFMAN-BZ2-BZ2
4074	tests/entrezgene/ex01-darc.xml.FIXED-BZ2-BZ2
4084	tests/entrezgene/ex01-darc.xml.FIXED-NONE-GZ
4173	tests/entrezgene/ex01-darc.xml.FIXED-NONE-BZ2
5130	tests/entrezgene/ex01-darc.xml.bz2
5814	tests/entrezgene/ex01-darc.xml.gz
6479	tests/entrezgene/ex01-darc.xml.BYTE-NONE-HPM5
6547	tests/entrezgene/ex01-darc.xml.BYTE-NONE-LZMA
6691	tests/entrezgene/ex01-darc.xml.BYTE-NONE-PPM5
6824	tests/entrezgene/ex01-darc.xml.BYTE-NONE-GZ
6913	tests/entrezgene/ex01-darc.xml.BYTE-NONE-BZ2
9120	tests/entrezgene/ex01-darc.xml.BYTE-GZ-NONE
9129	tests/entrezgene/ex01-darc.xml.BYTE-LZMA-NONE
9170	tests/entrezgene/ex01-darc.xml.BYTE-BZ2-NONE
9208	tests/entrezgene/ex01-darc.xml.FIXED-PPM5-NONE
9213	tests/entrezgene/ex01-darc.xml.BYTE-PPM5-NONE
9219	tests/entrezgene/ex01-darc.xml.FIXED-LZMA-NONE
9229	tests/entrezgene/ex01-darc.xml.FIXED-GZ-NONE
9242	tests/entrezgene/ex01-darc.xml.HUFFMAN-PPM5-NONE
9249	tests/entrezgene/ex01-darc.xml.HUFFMAN-LZMA-NONE
9267	tests/entrezgene/ex01-darc.xml.HUFFMAN-GZ-NONE
9275	tests/entrezgene/ex01-darc.xml.HUFFMAN-NONE-NONE
9380	tests/entrezgene/ex01-darc.xml.HUFFMAN-BZ2-NONE
9399	tests/entrezgene/ex01-darc.rnz
9432	tests/entrezgene/ex01-darc.xml.FIXED-BZ2-NONE
9531	tests/entrezgene/ex01-darc.xml.FIXED-NONE-NONE
12271	tests/entrezgene/ex01-darc.xml.BYTE-NONE-NONE
73061	tests/entrezgene/ex01-darc.xml.nb
123040	tests/entrezgene/ex01-darc.xml
