0	tests/entrezgene/ex01-darc.valid
3315	tests/entrezgene/ex01-darc.xml.BYTE-LZMA-HPM5
3329	tests/entrezgene/ex01-darc.xml.BYTE-GZ-HPM5
3349	tests/entrezgene/ex01-darc.xml.BYTE-BZ2-HPM5
3383	tests/entrezgene/ex01-darc.xml.BYTE-LZMA-LZMA
3397	tests/entrezgene/ex01-darc.xml.BYTE-GZ-LZMA
3416	tests/entrezgene/ex01-darc.xml.FIXED-PPM5-HPM5
3417	tests/entrezgene/ex01-darc.xml.BYTE-BZ2-LZMA
3431	tests/entrezgene/ex01-darc.xml.FIXED-LZMA-HPM5
3432	tests/entrezgene/ex01-darc.xml.BYTE-PPM5-HPM5
3438	tests/entrezgene/ex01-darc.xml.FIXED-GZ-HPM5
3449	tests/entrezgene/ex01-darc.xml.HUFFMAN-PPM5-HPM5
3458	tests/entrezgene/ex01-darc.xml.HUFFMAN-LZMA-HPM5
3473	tests/entrezgene/ex01-darc.xml.HUFFMAN-GZ-HPM5
3483	tests/entrezgene/ex01-darc.xml.HUFFMAN-NONE-HPM5
3484	tests/entrezgene/ex01-darc.xml.FIXED-PPM5-LZMA
3499	tests/entrezgene/ex01-darc.xml.FIXED-LZMA-LZMA
3500	tests/entrezgene/ex01-darc.xml.BYTE-PPM5-LZMA
3506	tests/entrezgene/ex01-darc.xml.FIXED-GZ-LZMA
3517	tests/entrezgene/ex01-darc.xml.HUFFMAN-PPM5-LZMA
3526	tests/entrezgene/ex01-darc.xml.HUFFMAN-LZMA-LZMA
3527	tests/entrezgene/ex01-darc.xml.BYTE-LZMA-PPM5
3541	tests/entrezgene/ex01-darc.xml.BYTE-GZ-PPM5
3541	tests/entrezgene/ex01-darc.xml.HUFFMAN-GZ-LZMA
3551	tests/entrezgene/ex01-darc.xml.HUFFMAN-NONE-LZMA
3561	tests/entrezgene/ex01-darc.xml.BYTE-BZ2-PPM5
3592	tests/entrezgene/ex01-darc.xml.HUFFMAN-BZ2-HPM5
3621	tests/entrezgene/ex01-darc.xml.ppm
3623	tests/entrezgene/ex01-darc.xml.FIXED-BZ2-HPM5
3628	tests/entrezgene/ex01-darc.xml.FIXED-PPM5-PPM5
3643	tests/entrezgene/ex01-darc.xml.FIXED-LZMA-PPM5
3644	tests/entrezgene/ex01-darc.xml.BYTE-PPM5-PPM5
3650	tests/entrezgene/ex01-darc.xml.FIXED-GZ-PPM5
3660	tests/entrezgene/ex01-darc.xml.BYTE-LZMA-GZ
3660	tests/entrezgene/ex01-darc.xml.HUFFMAN-BZ2-LZMA
3661	tests/entrezgene/ex01-darc.xml.HUFFMAN-PPM5-PPM5
3670	tests/entrezgene/ex01-darc.xml.HUFFMAN-LZMA-PPM5
3674	tests/entrezgene/ex01-darc.xml.BYTE-GZ-GZ
3685	tests/entrezgene/ex01-darc.xml.HUFFMAN-GZ-PPM5
3691	tests/entrezgene/ex01-darc.xml.FIXED-BZ2-LZMA
3694	tests/entrezgene/ex01-darc.xml.BYTE-BZ2-GZ
3695	tests/entrezgene/ex01-darc.xml.HUFFMAN-NONE-PPM5
3739	tests/entrezgene/ex01-darc.xml.FIXED-NONE-HPM5
3749	tests/entrezgene/ex01-darc.xml.BYTE-LZMA-BZ2
3761	tests/entrezgene/ex01-darc.xml.FIXED-PPM5-GZ
3763	tests/entrezgene/ex01-darc.xml.BYTE-GZ-BZ2
3776	tests/entrezgene/ex01-darc.xml.FIXED-LZMA-GZ
3777	tests/entrezgene/ex01-darc.xml.BYTE-PPM5-GZ
3783	tests/entrezgene/ex01-darc.xml.BYTE-BZ2-BZ2
3783	tests/entrezgene/ex01-darc.xml.FIXED-GZ-GZ
3794	tests/entrezgene/ex01-darc.xml.HUFFMAN-PPM5-GZ
3803	tests/entrezgene/ex01-darc.xml.HUFFMAN-LZMA-GZ
3804	tests/entrezgene/ex01-darc.xml.HUFFMAN-BZ2-PPM5
3807	tests/entrezgene/ex01-darc.xml.FIXED-NONE-LZMA
3818	tests/entrezgene/ex01-darc.xml.HUFFMAN-GZ-GZ
3828	tests/entrezgene/ex01-darc.xml.HUFFMAN-NONE-GZ
3835	tests/entrezgene/ex01-darc.xml.FIXED-BZ2-PPM5
3850	tests/entrezgene/ex01-darc.xml.FIXED-PPM5-BZ2
3865	tests/entrezgene/ex01-darc.xml.FIXED-LZMA-BZ2
3866	tests/entrezgene/ex01-darc.xml.BYTE-PPM5-BZ2
3872	tests/entrezgene/ex01-darc.xml.FIXED-GZ-BZ2
3883	tests/entrezgene/ex01-darc.xml.HUFFMAN-PPM5-BZ2
3892	tests/entrezgene/ex01-darc.xml.HUFFMAN-LZMA-BZ2
3907	tests/entrezgene/ex01-darc.xml.HUFFMAN-GZ-BZ2
3917	tests/entrezgene/ex01-darc.xml.HUFFMAN-NONE-BZ2
3937	tests/entrezgene/ex01-darc.xml.HUFFMAN-BZ2-GZ
3951	tests/entrezgene/ex01-darc.xml.FIXED-NONE-PPM5
3968	tests/entrezgene/ex01-darc.xml.FIXED-BZ2-GZ
4026	tests/entrezgene/ex01-darc.xml.HUFFMAN-BZ2-BZ2
4057	tests/entrezgene/ex01-darc.xml.FIXED-BZ2-BZ2
4084	tests/entrezgene/ex01-darc.xml.FIXED-NONE-GZ
4173	tests/entrezgene/ex01-darc.xml.FIXED-NONE-BZ2
5130	tests/entrezgene/ex01-darc.xml.bz2
5814	tests/entrezgene/ex01-darc.xml.gz
6478	tests/entrezgene/ex01-darc.xml.BYTE-NONE-HPM5
6546	tests/entrezgene/ex01-darc.xml.BYTE-NONE-LZMA
6690	tests/entrezgene/ex01-darc.xml.BYTE-NONE-PPM5
6823	tests/entrezgene/ex01-darc.xml.BYTE-NONE-GZ
6912	tests/entrezgene/ex01-darc.xml.BYTE-NONE-BZ2
7843	tests/entrezgene/ex01-darc.rnz
9120	tests/entrezgene/ex01-darc.xml.BYTE-GZ-NONE
9129	tests/entrezgene/ex01-darc.xml.BYTE-LZMA-NONE
9170	tests/entrezgene/ex01-darc.xml.BYTE-BZ2-NONE
9208	tests/entrezgene/ex01-darc.xml.FIXED-PPM5-NONE
9213	tests/entrezgene/ex01-darc.xml.BYTE-PPM5-NONE
9219	tests/entrezgene/ex01-darc.xml.FIXED-LZMA-NONE
9229	tests/entrezgene/ex01-darc.xml.FIXED-GZ-NONE
9242	tests/entrezgene/ex01-darc.xml.HUFFMAN-PPM5-NONE
9249	tests/entrezgene/ex01-darc.xml.HUFFMAN-LZMA-NONE
9267	tests/entrezgene/ex01-darc.xml.HUFFMAN-GZ-NONE
9275	tests/entrezgene/ex01-darc.xml.HUFFMAN-NONE-NONE
9380	tests/entrezgene/ex01-darc.xml.HUFFMAN-BZ2-NONE
9432	tests/entrezgene/ex01-darc.xml.FIXED-BZ2-NONE
9531	tests/entrezgene/ex01-darc.xml.FIXED-NONE-NONE
12271	tests/entrezgene/ex01-darc.xml.BYTE-NONE-NONE
73061	tests/entrezgene/ex01-darc.xml.nb
123040	tests/entrezgene/ex01-darc.xml
