0	tests/entrezgene/ex01-darc.valid
3328	tests/entrezgene/ex01-darc.xml.BYTE-GZ-HPM5
3340	tests/entrezgene/ex01-darc.xml.BYTE-GZ-HPM4
3342	tests/entrezgene/ex01-darc.xml.BYTE-LZMA-HPM5
3354	tests/entrezgene/ex01-darc.xml.BYTE-LZMA-HPM4
3378	tests/entrezgene/ex01-darc.xml.BYTE-BZ2-HPM5
3390	tests/entrezgene/ex01-darc.xml.BYTE-BZ2-HPM4
3401	tests/entrezgene/ex01-darc.xml.BYTE-GZ-LZMA
3415	tests/entrezgene/ex01-darc.xml.BYTE-LZMA-LZMA
3416	tests/entrezgene/ex01-darc.xml.FIXED-HPM4-HPM5
3416	tests/entrezgene/ex01-darc.xml.FIXED-HPM5-HPM5
3416	tests/entrezgene/ex01-darc.xml.FIXED-PPM4-HPM5
3416	tests/entrezgene/ex01-darc.xml.FIXED-PPM5-HPM5
3421	tests/entrezgene/ex01-darc.xml.BYTE-HPM5-HPM5
3421	tests/entrezgene/ex01-darc.xml.BYTE-PPM5-HPM5
3428	tests/entrezgene/ex01-darc.xml.FIXED-HPM4-HPM4
3428	tests/entrezgene/ex01-darc.xml.FIXED-HPM5-HPM4
3428	tests/entrezgene/ex01-darc.xml.FIXED-PPM4-HPM4
3428	tests/entrezgene/ex01-darc.xml.FIXED-PPM5-HPM4
3432	tests/entrezgene/ex01-darc.xml.FIXED-LZMA-HPM5
3433	tests/entrezgene/ex01-darc.xml.BYTE-HPM5-HPM4
3433	tests/entrezgene/ex01-darc.xml.BYTE-PPM5-HPM4
3437	tests/entrezgene/ex01-darc.xml.FIXED-GZ-HPM5
3444	tests/entrezgene/ex01-darc.xml.FIXED-LZMA-HPM4
3449	tests/entrezgene/ex01-darc.xml.FIXED-GZ-HPM4
3450	tests/entrezgene/ex01-darc.xml.HUFFMAN-HPM4-HPM5
3450	tests/entrezgene/ex01-darc.xml.HUFFMAN-HPM5-HPM5
3450	tests/entrezgene/ex01-darc.xml.HUFFMAN-PPM4-HPM5
3450	tests/entrezgene/ex01-darc.xml.HUFFMAN-PPM5-HPM5
3451	tests/entrezgene/ex01-darc.xml.BYTE-BZ2-LZMA
3462	tests/entrezgene/ex01-darc.xml.HUFFMAN-HPM4-HPM4
3462	tests/entrezgene/ex01-darc.xml.HUFFMAN-HPM5-HPM4
3462	tests/entrezgene/ex01-darc.xml.HUFFMAN-LZMA-HPM5
3462	tests/entrezgene/ex01-darc.xml.HUFFMAN-PPM4-HPM4
3462	tests/entrezgene/ex01-darc.xml.HUFFMAN-PPM5-HPM4
3474	tests/entrezgene/ex01-darc.xml.HUFFMAN-LZMA-HPM4
3475	tests/entrezgene/ex01-darc.xml.HUFFMAN-GZ-HPM5
3483	tests/entrezgene/ex01-darc.xml.HUFFMAN-NONE-HPM5
3487	tests/entrezgene/ex01-darc.xml.HUFFMAN-GZ-HPM4
3489	tests/entrezgene/ex01-darc.xml.FIXED-HPM4-LZMA
3489	tests/entrezgene/ex01-darc.xml.FIXED-HPM5-LZMA
3489	tests/entrezgene/ex01-darc.xml.FIXED-PPM4-LZMA
3489	tests/entrezgene/ex01-darc.xml.FIXED-PPM5-LZMA
3494	tests/entrezgene/ex01-darc.xml.BYTE-HPM5-LZMA
3494	tests/entrezgene/ex01-darc.xml.BYTE-PPM5-LZMA
3495	tests/entrezgene/ex01-darc.xml.HUFFMAN-NONE-HPM4
3505	tests/entrezgene/ex01-darc.xml.FIXED-LZMA-LZMA
3507	tests/entrezgene/ex01-darc.xml.BYTE-HPM4-HPM5
3507	tests/entrezgene/ex01-darc.xml.BYTE-PPM4-HPM5
3510	tests/entrezgene/ex01-darc.xml.FIXED-GZ-LZMA
3519	tests/entrezgene/ex01-darc.xml.BYTE-HPM4-HPM4
3519	tests/entrezgene/ex01-darc.xml.BYTE-PPM4-HPM4
3523	tests/entrezgene/ex01-darc.xml.HUFFMAN-HPM4-LZMA
3523	tests/entrezgene/ex01-darc.xml.HUFFMAN-HPM5-LZMA
3523	tests/entrezgene/ex01-darc.xml.HUFFMAN-PPM4-LZMA
3523	tests/entrezgene/ex01-darc.xml.HUFFMAN-PPM5-LZMA
3535	tests/entrezgene/ex01-darc.xml.HUFFMAN-LZMA-LZMA
3540	tests/entrezgene/ex01-darc.xml.BYTE-GZ-PPM5
3548	tests/entrezgene/ex01-darc.xml.HUFFMAN-GZ-LZMA
3553	tests/entrezgene/ex01-darc.xml.BYTE-GZ-PPM4
3554	tests/entrezgene/ex01-darc.xml.BYTE-LZMA-PPM5
3556	tests/entrezgene/ex01-darc.xml.HUFFMAN-NONE-LZMA
3567	tests/entrezgene/ex01-darc.xml.BYTE-LZMA-PPM4
3580	tests/entrezgene/ex01-darc.xml.BYTE-HPM4-LZMA
3580	tests/entrezgene/ex01-darc.xml.BYTE-PPM4-LZMA
3588	tests/entrezgene/ex01-darc.xml.HUFFMAN-BZ2-HPM5
3590	tests/entrezgene/ex01-darc.xml.BYTE-BZ2-PPM5
3600	tests/entrezgene/ex01-darc.xml.HUFFMAN-BZ2-HPM4
3603	tests/entrezgene/ex01-darc.xml.BYTE-BZ2-PPM4
3621	tests/entrezgene/ex01-darc.xppm
3628	tests/entrezgene/ex01-darc.xml.FIXED-HPM4-PPM5
3628	tests/entrezgene/ex01-darc.xml.FIXED-HPM5-PPM5
3628	tests/entrezgene/ex01-darc.xml.FIXED-PPM4-PPM5
3628	tests/entrezgene/ex01-darc.xml.FIXED-PPM5-PPM5
3633	tests/entrezgene/ex01-darc.xml.BYTE-HPM5-PPM5
3633	tests/entrezgene/ex01-darc.xml.BYTE-PPM5-PPM5
3640	tests/entrezgene/ex01-darc.xml.FIXED-BZ2-HPM5
3641	tests/entrezgene/ex01-darc.xml.FIXED-HPM4-PPM4
3641	tests/entrezgene/ex01-darc.xml.FIXED-HPM5-PPM4
3641	tests/entrezgene/ex01-darc.xml.FIXED-PPM4-PPM4
3641	tests/entrezgene/ex01-darc.xml.FIXED-PPM5-PPM4
3644	tests/entrezgene/ex01-darc.xml.FIXED-LZMA-PPM5
3646	tests/entrezgene/ex01-darc.xml.BYTE-HPM5-PPM4
3646	tests/entrezgene/ex01-darc.xml.BYTE-PPM5-PPM4
3649	tests/entrezgene/ex01-darc.xml.FIXED-GZ-PPM5
3652	tests/entrezgene/ex01-darc.xml.FIXED-BZ2-HPM4
3657	tests/entrezgene/ex01-darc.xml.FIXED-LZMA-PPM4
3661	tests/entrezgene/ex01-darc.xml.HUFFMAN-BZ2-LZMA
3662	tests/entrezgene/ex01-darc.xml.FIXED-GZ-PPM4
3662	tests/entrezgene/ex01-darc.xml.HUFFMAN-HPM4-PPM5
3662	tests/entrezgene/ex01-darc.xml.HUFFMAN-HPM5-PPM5
3662	tests/entrezgene/ex01-darc.xml.HUFFMAN-PPM4-PPM5
3662	tests/entrezgene/ex01-darc.xml.HUFFMAN-PPM5-PPM5
3673	tests/entrezgene/ex01-darc.xml.BYTE-GZ-GZ
3674	tests/entrezgene/ex01-darc.xml.HUFFMAN-LZMA-PPM5
3675	tests/entrezgene/ex01-darc.xml.HUFFMAN-HPM4-PPM4
3675	tests/entrezgene/ex01-darc.xml.HUFFMAN-HPM5-PPM4
3675	tests/entrezgene/ex01-darc.xml.HUFFMAN-PPM4-PPM4
3675	tests/entrezgene/ex01-darc.xml.HUFFMAN-PPM5-PPM4
3687	tests/entrezgene/ex01-darc.xml.BYTE-LZMA-GZ
3687	tests/entrezgene/ex01-darc.xml.HUFFMAN-GZ-PPM5
3687	tests/entrezgene/ex01-darc.xml.HUFFMAN-LZMA-PPM4
3695	tests/entrezgene/ex01-darc.xml.HUFFMAN-NONE-PPM5
3700	tests/entrezgene/ex01-darc.xml.HUFFMAN-GZ-PPM4
3708	tests/entrezgene/ex01-darc.xml.HUFFMAN-NONE-PPM4
3713	tests/entrezgene/ex01-darc.xml.FIXED-BZ2-LZMA
3719	tests/entrezgene/ex01-darc.xml.BYTE-HPM4-PPM5
3719	tests/entrezgene/ex01-darc.xml.BYTE-PPM4-PPM5
3723	tests/entrezgene/ex01-darc.xml.BYTE-BZ2-GZ
3732	tests/entrezgene/ex01-darc.xml.BYTE-HPM4-PPM4
3732	tests/entrezgene/ex01-darc.xml.BYTE-PPM4-PPM4
3739	tests/entrezgene/ex01-darc.xml.FIXED-NONE-HPM5
3751	tests/entrezgene/ex01-darc.xml.FIXED-NONE-HPM4
3761	tests/entrezgene/ex01-darc.xml.FIXED-HPM4-GZ
3761	tests/entrezgene/ex01-darc.xml.FIXED-HPM5-GZ
3761	tests/entrezgene/ex01-darc.xml.FIXED-PPM4-GZ
3761	tests/entrezgene/ex01-darc.xml.FIXED-PPM5-GZ
3762	tests/entrezgene/ex01-darc.xml.BYTE-GZ-BZ2
3766	tests/entrezgene/ex01-darc.xml.BYTE-HPM5-GZ
3766	tests/entrezgene/ex01-darc.xml.BYTE-PPM5-GZ
3776	tests/entrezgene/ex01-darc.xml.BYTE-LZMA-BZ2
3777	tests/entrezgene/ex01-darc.xml.FIXED-LZMA-GZ
3782	tests/entrezgene/ex01-darc.xml.FIXED-GZ-GZ
3795	tests/entrezgene/ex01-darc.xml.HUFFMAN-HPM4-GZ
3795	tests/entrezgene/ex01-darc.xml.HUFFMAN-HPM5-GZ
3795	tests/entrezgene/ex01-darc.xml.HUFFMAN-PPM4-GZ
3795	tests/entrezgene/ex01-darc.xml.HUFFMAN-PPM5-GZ
3800	tests/entrezgene/ex01-darc.xml.HUFFMAN-BZ2-PPM5
3807	tests/entrezgene/ex01-darc.xml.HUFFMAN-LZMA-GZ
3812	tests/entrezgene/ex01-darc.xml.BYTE-BZ2-BZ2
3812	tests/entrezgene/ex01-darc.xml.FIXED-NONE-LZMA
3813	tests/entrezgene/ex01-darc.xml.HUFFMAN-BZ2-PPM4
3820	tests/entrezgene/ex01-darc.xml.HUFFMAN-GZ-GZ
3828	tests/entrezgene/ex01-darc.xml.HUFFMAN-NONE-GZ
3850	tests/entrezgene/ex01-darc.xml.FIXED-HPM4-BZ2
3850	tests/entrezgene/ex01-darc.xml.FIXED-HPM5-BZ2
3850	tests/entrezgene/ex01-darc.xml.FIXED-PPM4-BZ2
3850	tests/entrezgene/ex01-darc.xml.FIXED-PPM5-BZ2
3852	tests/entrezgene/ex01-darc.xml.BYTE-HPM4-GZ
3852	tests/entrezgene/ex01-darc.xml.BYTE-PPM4-GZ
3852	tests/entrezgene/ex01-darc.xml.FIXED-BZ2-PPM5
3855	tests/entrezgene/ex01-darc.xml.BYTE-HPM5-BZ2
3855	tests/entrezgene/ex01-darc.xml.BYTE-PPM5-BZ2
3865	tests/entrezgene/ex01-darc.xml.FIXED-BZ2-PPM4
3866	tests/entrezgene/ex01-darc.xml.FIXED-LZMA-BZ2
3871	tests/entrezgene/ex01-darc.xml.FIXED-GZ-BZ2
3884	tests/entrezgene/ex01-darc.xml.HUFFMAN-HPM4-BZ2
3884	tests/entrezgene/ex01-darc.xml.HUFFMAN-HPM5-BZ2
3884	tests/entrezgene/ex01-darc.xml.HUFFMAN-PPM4-BZ2
3884	tests/entrezgene/ex01-darc.xml.HUFFMAN-PPM5-BZ2
3896	tests/entrezgene/ex01-darc.xml.HUFFMAN-LZMA-BZ2
3909	tests/entrezgene/ex01-darc.xml.HUFFMAN-GZ-BZ2
3917	tests/entrezgene/ex01-darc.xml.HUFFMAN-NONE-BZ2
3933	tests/entrezgene/ex01-darc.xml.HUFFMAN-BZ2-GZ
3941	tests/entrezgene/ex01-darc.xml.BYTE-HPM4-BZ2
3941	tests/entrezgene/ex01-darc.xml.BYTE-PPM4-BZ2
3951	tests/entrezgene/ex01-darc.xml.FIXED-NONE-PPM5
3964	tests/entrezgene/ex01-darc.xml.FIXED-NONE-PPM4
3985	tests/entrezgene/ex01-darc.xml.FIXED-BZ2-GZ
4022	tests/entrezgene/ex01-darc.xml.HUFFMAN-BZ2-BZ2
4074	tests/entrezgene/ex01-darc.xml.FIXED-BZ2-BZ2
4084	tests/entrezgene/ex01-darc.xml.FIXED-NONE-GZ
4173	tests/entrezgene/ex01-darc.xml.FIXED-NONE-BZ2
5130	tests/entrezgene/ex01-darc.bz2
5813	tests/entrezgene/ex01-darc.gz
6479	tests/entrezgene/ex01-darc.xml.BYTE-NONE-HPM5
6491	tests/entrezgene/ex01-darc.xml.BYTE-NONE-HPM4
6552	tests/entrezgene/ex01-darc.xml.BYTE-NONE-LZMA
6691	tests/entrezgene/ex01-darc.xml.BYTE-NONE-PPM5
6704	tests/entrezgene/ex01-darc.xml.BYTE-NONE-PPM4
6824	tests/entrezgene/ex01-darc.xml.BYTE-NONE-GZ
6913	tests/entrezgene/ex01-darc.xml.BYTE-NONE-BZ2
9120	tests/entrezgene/ex01-darc.xml.BYTE-GZ-NONE
9134	tests/entrezgene/ex01-darc.xml.BYTE-LZMA-NONE
9170	tests/entrezgene/ex01-darc.xml.BYTE-BZ2-NONE
9208	tests/entrezgene/ex01-darc.xml.FIXED-HPM4-NONE
9208	tests/entrezgene/ex01-darc.xml.FIXED-HPM5-NONE
9208	tests/entrezgene/ex01-darc.xml.FIXED-PPM4-NONE
9208	tests/entrezgene/ex01-darc.xml.FIXED-PPM5-NONE
9213	tests/entrezgene/ex01-darc.xml.BYTE-HPM5-NONE
9213	tests/entrezgene/ex01-darc.xml.BYTE-PPM5-NONE
9224	tests/entrezgene/ex01-darc.xml.FIXED-LZMA-NONE
9229	tests/entrezgene/ex01-darc.xml.FIXED-GZ-NONE
9242	tests/entrezgene/ex01-darc.xml.HUFFMAN-HPM4-NONE
9242	tests/entrezgene/ex01-darc.xml.HUFFMAN-HPM5-NONE
9242	tests/entrezgene/ex01-darc.xml.HUFFMAN-PPM4-NONE
9242	tests/entrezgene/ex01-darc.xml.HUFFMAN-PPM5-NONE
9254	tests/entrezgene/ex01-darc.xml.HUFFMAN-LZMA-NONE
9267	tests/entrezgene/ex01-darc.xml.HUFFMAN-GZ-NONE
9275	tests/entrezgene/ex01-darc.xml.HUFFMAN-NONE-NONE
9299	tests/entrezgene/ex01-darc.xml.BYTE-HPM4-NONE
9299	tests/entrezgene/ex01-darc.xml.BYTE-PPM4-NONE
9380	tests/entrezgene/ex01-darc.xml.HUFFMAN-BZ2-NONE
9432	tests/entrezgene/ex01-darc.xml.FIXED-BZ2-NONE
9531	tests/entrezgene/ex01-darc.xml.FIXED-NONE-NONE
12271	tests/entrezgene/ex01-darc.xml.BYTE-NONE-NONE
19996	tests/entrezgene/ex01-darc.rnz
73061	tests/entrezgene/ex01-darc.nbxml
123040	tests/entrezgene/ex01-darc.xml
